á
à
ǎ
ä
ā
àb
abalon
abalons
àbaut
àbauv
àbol
àboliti
àbolitis
aborçion
aborçions
aborijin
aborijinisùm
aborijinisùmā
aborijinisùmās
aborijinisùmik
aborijinol
aborijinols
abort
aborted
aborten
abortiŋ
abortiŋli
abortiŋs
absolut
absolutisùm
absolutisùmā
absolutisùmās
absolutisùmik
àbsorpçion
àbsorpçions
àbsorpt
àbsorpted
àbsorpten
àbsorptiŋ
àbsorptiŋli
àbsorptiŋs
äbsträkçion
äbsträkçions
äbsträkt
äbsträkted
äbsträkten
äbsträktiŋ
äbsträkts
abyus
abyusā
abyusās
abyused
abyusen
abyusī
abyusiŋ
abyusīs
abyusiv
ačiv
ačivā
ačivās
ačived
ačiven
ačiviŋ
äd
ädd
ädded
ädded-on
äddeiçion
äddeiçionol
äddeiçionolli
ädden
ädden-on
äddiçion
äddiçionol
äddiçionolli
äddiŋ
äddiŋli
äddiŋ-on
äddiŋs
ädd-on
adept
adjektiv
ädjres
ädjresā
ädjresās
ädjreses
ädjresī
ädjresīs
ädjùst
ädjùsted
ädjùsten
ädjùstiŋ
ädjùstmènt
ädjùstmènts
ÄdKlikk
ÄdKlikks
ÄdKonvörçion
ÄdKonvörçions
admin
admindoŋ
administār
administāraktā
administāraktās
administāraktiv
administāred
administāreiçion
administāreiçionol
administāreiçionolli
administāreiçions
administāren
administāriŋ
administāriŋli
administāriŋs
Adobe
adopçion
adopçions
adopt
adoptàboliti
adopted
adopteiçion
adopteiçions
adopteit
adopteited
adopteiten
adopteitiŋ
adopten
adoptiŋ
adoptiŋli
adoptiŋs
ador
adored
adoreiçion
adoreiçionol
adoreiçionolli
adoreiçions
adoren
adoriŋ
adoriŋli
adoriŋs
äds
ÄdSens
ADSL
àdsorpçion
àdsorpçions
àdsorpt
àdsorpted
àdsorpten
àdsorptiŋ
àdsorptiŋli
àdsorptiŋs
ädsörvā
ädsörvās
ädsörviŋ
àdvais
àdvaisā
àdvaisās
àdvaised
àdvaisen
àdvaisī
àdvaisiŋ
àdvaisīs
advant
advanteij
advanteijs
ädvencör
ädvencörā
ädvencörās
ädvencöred
ädvencören
ädvencöriŋ
àdvörs
àdvörsiv
ädvörtais
ädvörtaisā
ädvörtaisās
ädvörtaised
ädvörtaisen
ädvörtaisiŋ
ädvörtaisiŋli
ädvörtaisiŋs
ädvörtaismènt
ädvörtaismènts
ÄdVyus
ädwär
ädwärs
affekçion
affekçions
affekt
affekted
affekten
affektiŋ
affiks
affikses
affilieit
Afgĥanistan
Afgĥanistanik
Afrika
Afrikaik
aftèr
aftèr-mīl
aftèr-mīls
aftèrsörveis
aftèrsörveises
agäin
agäinst
aggregeit
aggregeitā
aggregeitās
aggregeited
aggregeiten
aggregeitiŋ
agrī
agrīed
agrīen
agrīiŋ
agrīmènt
äid
aidentifai
aidentifaiā
aidentifaiās
aidentifaied
aidentifaien
aidentifaiiŋ
aidentifaik
aidentifaikeiçion
aidentifaikeiçionol
aidentifaikeiçionolli
aidentifaikeiçions
aidentiti
aidentitikard
aidentitikards
aidià
aidiàisùm
aidiàisùmā
aidiàisùmās
aidiàisùmik
aidiàloji
aidiàlojiā
aidiàlojiās
aidiàs
aidol
aidolais
aidolaiseiçion
aidols
Aigipt
Aigiptik
aikon
aikonik
aikonikol
aikons
ailènd
ailènd-grūps
ailènds
ais
Aiša
Aišas
aisen
aisi
Aislènd
Aislèndiš
aisoleiçion
aisoleiçions
aisoleit
aisoleited
aisoleiten
aisoleitiŋ
aisoleitiŋli
aisoleitiŋs
Aispenguin
Aispenguins
Aisstor
aisu
aisukon
aisu-kurīmu
aiswōm
aiswōms
aitèm
aitèms
aivi
akademik
akademikol
akademikoli
Akasi
akçion
akçions
akkaunt
akkauntā
akkauntās
akkauntiŋ
akkaunts
akkompàni
akkompliš
akkomplišmènt
akkord
akkorded
akkorden
akkordiŋ
akkordiŋli
akkwair
akkwaired
akkwaireiçion
akkwaireiçions
akkwairen
akkwairiŋ
akkyumyuleiçion
akkyumyuleiçions
akkyumyuleit
akkyumyuleitā
akkyumyuleitās
akkyumyuleited
akkyumyuleiten
akkyumyuleitiŋ
akkyureiçi
akkyureiçion
akkyureiçions
akkyureit
akkyureited
akkyureiten
akkyureitiŋ
akkyureitiŋli
akkyureitiŋs
akkyus
akkyused
akkyusen
akkyusiŋ
àkros
akses
aksesàbol
aksesàboliti
aksesed
aksesen
akseses
aksesiŋ
akt
aktā
aktās
aktiv
aktiveiçion
aktiveiçions
aktiveit
aktiveitā
aktiveited
aktiveiten
aktiveitiŋ
aktiviti
aktivitis
àkwair
àkwaired
àkwairen
àkwairiŋ
àkwairmènt
àkwairmènts
akyut
akyuted
akyuten
akyutiŋ
alagua
alàik
alàiked
alàiken
alàikiŋ
alain
alained
alainen
alainiŋ
alainmènt
alainmènts
alarm
alarmed
alarmen
alarmiŋ
alarms
alaw
alawàns
alawed
alawen
alawiŋ
älbùm
älbùms
alerji
alerjik
alerjis
alfa
alfabet
alfabetikol
alfabetikolli
alfabets
algoriŧùm
algoriŧùms
alias
aliases
alkohol
alkohol-abyus
alkohol-abyusā
alkohol-abyusās
alkohol-abyusiŋ
alkohol-abyusiv
alkoholik
alliàns
alliànses
älloukeiçion
älloukeiçions
älloukeit
älloukeitā
älloukeitās
älloukeited
älloukeiten
älloukeitiŋ
alörçion
alörçions
alört
alörted
alörten
alörtiŋ
alörtnès
alpaka
alpakas
Alt
Altador
Altai
Altaik
ältitud
ältituds
aluminiùm
Amarok
àmaunt
Amazon
Amen
amend
amended
amenden
amendiŋ
amendmènt
amendmènts
ameniti
amenitis
Amerika
Amerikaik
Amerikaisùm
Amerikaisùmā
Amerikaisùmās
Amerikaisùmik
Amerikas
amfetamin
Amira
Amman
amoŋ
amyus
amyused
amyusen
amyusiŋ
amyusmènt
analais
analaisā
analaisās
analaised
analaisen
analaisiŋ
analytik
analytikol
analytikoli
Anatolia
anatomi
ançestā
ançestās
ançiènt
änçiènt
Andorra
Android
Aŋtrĥe
Ānhuī
äni
anime
animeiçion
animeiçions
animeit
animeited
animeiten
animeitiŋ
änimol
änimolloji
änimollojiā
änimollojiās
änimollojik
änimollojikol
änimollojikolli
änimololoji
änimololojiā
änimololojiās
änimols
Änjèla
Ankara
ankĥor
ankĥors
annauns
annaunsed
annaunsen
annaunsiŋ
annaunsmènt
änneks
änneksed
änneksen
änneksiŋ
ano
änòđā
anonymùs
ansā
ansās
Antarktika
antenna
antennas
anti
antibiotiks
anti-klokkwais
Antioĥ
anti-revoluçionari
anŧropoloji
anŧropolojiā
anŧropolojiās
anŧropolojikol
anŧropolojikolli
anzo
anzoru
Aotearoa
Apache
apapa
apāt
apāted
apāten
apātiŋ
Apgujòŋ
apostolos
append
appended
appenden
appendiks
appendikses
appendiŋ
appetit
appīr
appīràns
appīred
appīren
appīriŋ
applai
applaied
applaien
applaiiŋ
applaikeiçion
applaikeiçions
Apple
àppoint
àppointed
àppointen
àppointiŋ
àppointmènt
àppointmènts
äppol
äppols
àpproksimeit
àpproksimeitli
àpproprieiçion
àpproprieiçions
àpproprieit
àpproprieited
àpproprieiten
àpproprieitiŋ
apprūv
apprūved
apprūven
apprūviŋ
apprūvol
apps
AppServ
àpriçieiçion
àpriçieiçions
àpriçieit
apt-get
Arab
Arabik
Arabiš
Aram
aränjmènt
àraund
aren
argyu
argyued
argyuen
argyuiŋ
argyumènt
argyumenteiçion
argyumènts
Arĥentina
Arĥentinaik
arĥitekcör
arĥitekt
ari
äria
Arial
ärias
Ariŧmätiks
.arj
arkaiv
arkaived
arkaiven
arkaivenī
arkaivenīs
arkaiviŋ
arkaivol
arkaivs
Arkänsàs
Arkänsàsik
ārm
ārmàbol
ārmiŋ
Armor
army
ārmzo
ārmzoru
äro
Äroçiti
ärogun
ärokondiçion
ärokondiçioniŋ
ärokondiçioniŋs
ärokondiçionol
äroplein
äropleins
äroport
äroports
ärošǐ
arraiv
arraived
arraiven
arraiviŋ
arraivol
arränj
arränjed
arränjen
arränjiŋ
arränjmènt
ärrow
ärrows
art
artikol
artikols
artist
artistik
artists
arts
aru
Aruba
as
Asahi
Asahi-ga-oka
Asia
Asiaik
asif
asis
ask
asked
asken
ASKII
askiŋ
askiŋli
askiŋs
asob
asobi
asobu
asoburu
asobuzo
äspekt
aspell
assain
assained
assainen
assainiŋ
assainmènt
assainmènts
assasineit
assasineited
assasineiten
assasineitiŋ
ässènçion
ässènçions
ässènt
ässènted
ässènten
ässèntiŋ
ässepçion
ässepçionol
ässepçionolli
ässepçions
ässept
ässeptàbol
ässeptàns
ässepted
ässepten
ässeptiŋ
ässeptiŋli
ässeptiŋs
assess
assessmènt
assessmènts
ässet
assist
assistàns
assistànt
assisted
assisten
assistiŋ
assistiv
assörçion
assörçions
assort
assört
assörted
assörten
assörtiŋ
assortmènt
assosieiçion
assosieiçions
assosieit
assosieited
assosieiten
assosieitiŋ
äsŧetik
astro
astroloji
astrolojiā
astrolojiās
astrolojik
astrolojikol
astrolojikolli
astronomi
astronomiā
astronomiās
astronomik
astronomikol
astronomikolli
aŝui
asynĥronùs
at
ät
atāč
atāčed
atāčen
atāčiŋ
atāčmènt
Atlantik
ätläs
äŧlet
äŧletik
äŧletiks
äŧlets
ätom
ätomik
ätomikol
ättäk
ättäked
ättäken
ättäkiŋ
ättempt
ättempted
ättempten
ättemptiŋ
ättençion
ättençions
ättend
ättended
ättenden
ättendiŋ
ättitud
ättituds
Attorny
ätträkçion
ätträkçions
ätträkt
ätträkted
ätträkten
ätträktiŋ
ättribyut
ättribyuted
ättribyuten
ättribyutiŋ
ättribyuts
Audacity
avatar
avatars
aveil
aveilàbol
aveilàboliti
ävèreij
ävèreijed
ävèreijen
ävèreijiŋ
.avi
ävj.
awàk
awàken
awàkenna
Awàkenna-monŧ
àweit
àweited
àweiten
àweitiŋ
àword
àworded
àworden
àwordiŋ
àwords
ayisyur
ayu
Azärbayjan
Azärbayjanik
Azärbayjaniš
äzzol
äzzols
B
baby
Babycasèny
babyian
babyians
Babyish
babys
bäd
bädminton
bädmintons
bäg
Bägod
bägs
bai
baiàs
baiàsed
baiàsen
baiàsiŋ
Baiblū
baibol
baibols
baidirekçion
baidirekçionol
baidirekçions
baidirekt
baidirekted
baidirekten
baidirektiŋ
baileŋgueij
baileŋgueijol
baipas
baipased
baipasen
baipasiŋ
baiprodùkt
baiprodùkts
baisökol
baisökoliŋ
baisökols
bàit
bàitkoud
bàits
Baizäntin
bàk
bǎk
bäk
bàkbu
bäkči
bǎkcoi
bäkend
bäkgraund
bäkgraunds
Bäkguŋ
bäkliŋk
bäkliŋks
Bǎkmá
Bàkmā
bäkòn
bǎkroba
bǎksīk
bäktèris
Bǎk Tin
bäktreis
bäktreised
bäktreisen
bäktreisiŋ
bäkùp
bäkùps
bäkwörd
bäkwörds
balàns
balànsiŋ
Balkan
Balkanik
Balm
Bämbū
bán
bänd
bänds
bändwidŧ
bändwidŧs
Baŋbä
bäŋk
bäŋks
banji
bänk
bänks
bännèr
bännèrkoud
bännèrs
bännèrzon
Banshee
bäptist
bār
bārbàr
bāred
bāren
bāriŋ
bārk
bārked
bārken
bārkiŋ
bārs
bāsí
bāsís
bāsítikket
bāsítikkets
basket
basketbol
basketbols
baskets
BASKII
bäsuk
.bat
bāt
bau
baubau
baubauru
baund
baundari
baundaris
baunded
baunden
baundiŋ
baunds
BB
bear
bears
begin
Běijīŋ
beik
beikā
beikāri
beikās
beiked
beiken
beikiŋ
beis
beisbol
beisbols
beised
beisen
beises
beisik
beisikol
beisikolli
beisiŋ
beisis
beislain
beismènt
beisvälyu
benčmark
benčmarks
benefiçol
benefit
benefited
benefiten
benefitiŋ
benefits
bensya
beri
beris
Beta
bī
bibliografi
bīč
bīčes
bifor
bifordei
big
biger
bigest
bigfiŋgà
Bigfiš
big-i
bihaind
bihäŋgi
biheiv
biheived
biheiven
biheiviŋ
biheivior
biheiviorol
bikom
bikomed
bikomen
bikomiŋ
bikos
bilīf
bilīfā
bilīfās
bilīfs
bilīv
bilīved
bilīven
bilīviŋ
biloŋ
biloŋed
biloŋen
biloŋiŋ
bilow
bǐn
bīn
bind
biŋ
bīns
bio
biofisiks
biografi
biografik
bioĥemistri
bioloji
biolojiā
biolojiās
biolojik
biolojikol
biolojikolli
biomäkeniks
biomas
Biorhyŧùm
biotekno
bioteknoloji
bioteknolojiā
bioteknolojiās
bioteknolojik
bioteknolojikol
bioteknolojikolli
bīr
bisaid
bisaids
bisnes
bisneses
bit
bitmäp
bitmäps
bitreit
bittèr
BitTorrent
bitwīn
bǐtyàn
biuld
biulded
biulden
biuld-in
biuldiŋ
biuldiŋs
biyond
blaind
bläk
bläkbōd
bläkbōds
bläklist
bläklisted
bläklisten
bläklistenī
bläklistenīs
bläklists
blänk
blänked
blänken
blänkiŋ
blänks
blendiŋ
blog
blogā
blogās
blogiŋ
blogiŋā
blogiŋās
blogs
blok
bloked
bloken
blokiŋ
blokk
Blokkenīs
blokks
blör
blū
blūberi
blūberis
blùd
Blumarū
bluŋ
bluŋru
bluŋzo
bluŋzoru
BNYE
böbai
bōd
bodi
bodifigyur
bodis
bodiweiĥt
boil
boiled
boilen
boiliŋ
boks
bokses
bol
bold
bolgeim
bolgeims
Bolivia
bōlo
bōlobau
bols
Bondai Bīč
Bondai Jùnkçion
boŋ
bonùs
bopomofo
bordèr
bordèred
bordèren
bordèriŋ
bordèrs
böri
böried
börien
böriiŋ
börnensugar
Borovan
borow
borowiŋ
Boršč
börŧ
börŧdei
börŧdeis
Bosporus
boŧ
bottom
bòttòm
boucün
Bouon
bǒuyǐŋ
boy
boyfrend
boyfrends
br
bräin
bräins
bräinstorm
bräinstormed
bräinstormen
bräinstormiŋ
bràit
bràitlait
Bràitväl
branč
brančed
brančen
brančiŋ
brančs
bränd
bränded
bränden
brändiŋ
brändiŋs
brändneim
brändneims
bränds
Brásil
Brásilik
bräss
brawn
braws
brawsā
brawsās
brawsed
brawsen
brawsiŋ
brēd
brein
breins
brif
brifkeis
brifkeises
brifli
brīk
brīkdans
brīkdawn
brīked
brīken
brīkenā
brīkenās
brīkfast
brīkiŋ
brīkivèn
brīkùp
brilliànt
briŋ
briŋed
briŋen
briŋiŋ
Britian
brīž
bro
brōd
brōdbänd
brōdkast
brōdkastā
brōdkastās
brōdkasted
brōdkasten
brōdkastiŋ
bronz
bros
Brunei
bu
Buda
Budapest
buddha
buddhas
bùdjèt
bùffèr
bùffèred
bùffèren
bùffèriŋ
bùffèriŋli
bùffèriŋs
bùffèrs
bufùn
bùg
bùgrīport
bùgrīports
bùgs
būi
buji
bùk
būk
buke
būkmark
būkmarks
búköqi
būks
Bùktaiiš
Bùktailènd
Bùlgaria
Bùlgariaiš
bùlk
bullèt
bullètpoint
bullètpoints
Bundaŋ
bundou
búnjün
bürö
bürös
buryuk
buš
bušes
but
bùt
butdǒŋcan
butdùk
butdùkgga
buthuey
butjidou
butköqi
bùtton
bùttons
butyiu
Byelarux
Byelaruxiš
byú
byúed
byúen
byúiŋ
byutifol
byuyùm
.bz2
.bzip
C
Ĉ
Č
ç
ĉa
cacaview
cai
Caitoi
caiyü
čallenj
čallenjā
čallenjās
čallenjs
Cāŋẑōu
čännèl
čännèls
čäpol
čäptā
čäptās
čarj
čarjed
čarjen
čarjiŋ
čarjs
čart
čartiŋ
čarts
ĉasiu
ĉasiubau
čätiŋ
čea
čeas
Čečen
Çeçilia
Cegūŋ
ceilou
čein
čeinj
čeinjed
čeinjen
čeinjiŋ
čeinjs
čeins
ček
čeked
čeken
čèkĥ
čèkĥs
čekiŋ
Čekiš
Čeklènd
čekpoint
čekpoints
çeleri
çencuri
çencuris
çent
çents
CGI
Chan
chewing
cǐ
cibei
čīf
cikàp
Čikkarū
Čile
čill
čilled
čillen
čilliŋ
çinema
çinemas
čip
čīp
čips
čipset
čipsets
čīs
cit
çiti
çitiā
çitiās
Çitiplaza
çitis
çivol
çivolwörks
čöč
čöčes
coi
coidoi
čois
čoises
coisùm
čok
čokolät
.com
Čomby
cöŋ
cöŋdǒu
cöŋfoŋyiŋ
Čoŋgye
cöŋi
cöŋier
cöŋiest
Ĉóŋqìŋ
coŋsǘ
ConLang
čop
čoped
čopen
čopiŋ
çörtifai
çörtifaied
çörtifaien
çörtifaiiŋ
çörtifikeiçion
çörtifikeiçions
çörtifikeit
çörtifikeits
cóu
couhünbabài
cuĥt
Cukisima
cunami
cünbou
cünboudè
Cünwān
čūs
čūsā
čūsās
čūsed
čūsen
čūsenā
čūsenās
čūsenī
čūsenīs
čūsiŋ
cutnin
cutsài
cutsàiru
cutsàizo
cutsàizoru
cwak
cwakcwak
cya
cyafan
D
da
dài
dài-i
daijesçion
daijesçions
daijest
daijested
daijesten
daijestiŋ
daikyu
dailuçion
dailuçions
dailut
dailuted
dailuten
dailutiŋ
dailutru
daimençion
daimençions
dain
dainā
dainämik
dainämikol
dainämiks
dainās
dained
dainen
dainiŋ
dairekt
dairo
daisekçion
daisekçions
daisekt
daisekted
daisekten
daisektiŋ
daiv
daived
daiven
daiviŋ
daivörten
Dǎi Wài
Dǎi Wō Piŋ
daiyol
daiyol-ùp
Dǎiyüŝan
dām̄
dämeij
dämeijed
dämeijen
dämeijiŋ
Dammašĥ
dām̄ru
damyòn
dām̄zo
dan
Dän
đän
dangök
Danmài
Danmark
Danmarkik
Danmarkiš
Dannār
Dänny
där
dark
dark-blu
dark-brawn
dark-grīn
darkmättār
dark-yelow
däš
däšbōd
däšes
đät
dativ
dáu
daùm
dawn
dawnloud
dawnloudā
dawnloudās
dawnlouded
dawnlouden
dawnloudiŋ
dawnlouds
D-Bus
ddo
de
de-
đe
dè
de-10-monŧ
de-11-monŧ
de-12-monŧ
de-1-monŧ
de-2-monŧ
de-3-monŧ
de-3-parti
de-4-monŧ
de-5-monŧ
de-6-monŧ
de-7-monŧ
de-8-monŧ
de-9-monŧ
đea
Debian
debt
debts
dedikeiçion
dedikeiçions
dedikeit
dedikeited
dedikeiten
dedikeitiŋ
dēf
deform
deformed
deformeiçion
deformeiçions
deformen
deformiŋ
Defragmenter
dei
deikàu
deikaunt
deilait
deilaits
deili
Děimá
deinstolleiçion
deiri
deis
deit
deitā
deitābeis
deitābeis-enjīn
deitābeises
deitābeissörvā
deitābeissörvās
deitāmain
deitāmained
deitāmainen
deitāmainiŋ
deitās
deitāstoreij
deitāstrīm
deitāstrīms
deits
deka
dekadirekçion
dekadirekçionol
dekadirekçions
dekadirekt
dekadirekted
dekadirekten
dekadirektiŋ
dekaleŋgueij
dekaleŋgueijol
dekoreit
dekoreited
dekoreiten
dekoreitiŋ
dekriçion
dekriçions
dekrimènt
dekris
dekrised
dekrisen
dekrisiŋ
dekrisiŋli
delta
đem
demekin
demekins
demo
demokraçi
demokrat
demokratik
demonstreiçion
demonstreiçions
demonstreit
demonstreited
demonstreiten
demonstreitiŋ
demùks
đen
denbu
déŋ
densiti
dentist
dentistry
dentists
dentol
denwa
denwakoud
departmènt
departmènts
depot
depots
dept
depyuti
đer
đerfor
desimol
desimolpoint
desimolpoints
desimols
desk
desks
desktop
desöt
destineiçion
destineiçions
destineit
destineited
destineiten
destiny
detāč
detāčed
detāčen
detāčiŋ
dežavü
đi
diaktiveiçion
diaktiveiçions
diaktiveit
diaktiveited
diaktiveiten
diaktiveitiŋ
dialekt
dialekts
dialog
dialogboks
dialogbokses
dialogs
diämitā
diawàken
dibùg
diduklap
didùp
difain
difained
difaineiçion
difaineiçionol
difaineiçionolli
difaineiçions
difainen
difainiŋ
difäšion
difäšions
difàult
difàulted
difàulten
difàultiŋ
difàults
difei
difeis
difens
diff
diffèr
diffèred
diffèren
diffèrènçieitiŋ
diffèrèns
diffèrènses
diffèrènt
diffèriŋ
diffikolt
diffikolti
diffyuçion
diffyuçions
diffyus
diffyused
diffyusen
diffyusiŋ
digǎnkit
diginhoŋ
dihamsùb
dijit
dijitol
dijitolais
dijitolaiseiçion
dijits
diJoän
dikäšol
dikçionari
dikçionaris
dikimiǔ
dikompresçion
dikompresçions
dikompress
dikompressed
dikompressen
dikompressiŋ
dīkoud
dīkouded
dīkouden
dīkoudiŋ
dikrī
dikrīs
dikrīsed
dikrīsen
dikrīsiŋ
dīkrypçion
dīkrypçions
dīkrypt
dīkrypted
dīkrypten
dīkryptiŋ
diley
diliböreit
diliçion
diliçions
dilimitèr
dilit
dilited
diliten
dilitiŋ
dilitinstol
dilivèr
dilivèràbol
dilivèred
dilivèren
dilivèri
dilivèriŋ
dilivèriŋs
dilùks
dimaifan
dimand
dimanded
dimanden
dimandiŋ
dinài
dinàied
dinàien
dinàiiŋ
dinasti
dinastis
diŋyǐu
dinot
dinoted
dinoten
dinotiŋ
diod
Dio-Dio
diods
dip
dipart
diparted
diparten
dipartiŋ
diped
dipen
dipend
dipended
dipenden
dipendènçi
dipendènçis
dipendènt
dipendiŋ
dipikkapika
dipiŋ
diploma
diplomas
diplomatik
diploy
diployed
diployen
diployiŋ
diploymènt
diposit
dīprekeiçion
dīprekeiçions
dīprekeit
dīprekeited
dīprekeiten
dīprekeitiŋ
diprīçieiçion
diprīçieiçions
diprīçieit
diprīçieited
diprīçieiten
diprīçieitiŋ
diraiv
diraivaktiv
diraived
diraiveiçion
diraiveiçions
diraiven
diraiviŋ
direkçion
direkçionol
direkçions
direkt
direktā
direktās
direkted
direkten
direktiŋ
direktli
direktòri
direktòris
đis
đīs
diš
disàbol
disàboled
disàbolen
disàboliŋ
disadvanteij
disadvanteijs
disagrī
disagrīed
disagrīen
disagrīiŋ
disagrīmènt
disaiçion
disaiçions
disaid
disaided
disaiden
disaidiŋ
disain
disainā
disainās
disained
disainen
disainiŋ
disair
disaired
disairen
disairiŋ
disaktiveit
disaktiveited
disaktiveiten
disaktiveitiŋ
disappīr
disappīred
disappīren
disappīriŋ
disàpproprieit
disàpproprieited
disàpproprieiten
disàpproprieitiŋ
disapprūv
disapprūved
disapprūven
disapprūviŋ
disapprūvol
disàpriçieiçion
disàpriçieiçions
disàpriçieit
disàpriçieited
disàpriçieiten
disàpriçieitiŋ
dišes
disīs
disīses
disk
diskard
diskarded
diskarden
diskardiŋ
diskaunt
diskaunted
diskaunten
diskauntiŋ
diskaunts
diskläm
disklämā
disklämās
disklämen
disklämenā
disklämenās
diskonnekt
diskonstrùkçion
diskontinyu
diskontinyued
diskontinyuen
diskòvèr
diskòvèred
diskòvèren
diskòvèri
diskòvèriŋ
diskraipçion
diskraipçions
diskripçion
diskripçions
diskript
diskripted
diskripten
diskriptiŋ
diskriptiv
diskripts
disks
diskùçion
diskùçions
diskùs
diskùsed
diskùsen
diskùses
diskùsiŋ
dislàik
dislàiked
dislàiken
dislàikiŋ
dismis
dismised
dismisen
dismisiŋ
disöčàbol
disordèr
disört
disörts
disöt
disöts
displei
displeied
displeien
displeiiŋ
displeis
displeismènt
displeismènts
dispüt
dispüts
dispyut
dispyuts
dissiplin
dissiplins
dissolv
dissolved
dissolveiçion
dissolveiçions
dissolven
dissolviŋ
distàns
distànt
distil
distilā
distilās
distileiçion
distileiçions
distileit
distileited
distileiten
distileitiŋ
distiŋçion
distiŋçions
distiŋguiš
distiŋguišàbol
distiŋguišed
distiŋguišen
distiŋguišiŋ
distiŋguišnès
distiŋt
distiŋted
distiŋten
distiŋtiŋ
distiŋtiv
distribyuçion
distribyuçions
distribyut
distribyuted
distribyuten
distribyutiŋ
distrikt
distrikts
distro
distroy
distroyed
distroyen
distroyiŋ
diteil
diteiled
diteilen
diteiliŋ
diteils
ditekçion
ditekçions
ditekt
ditektā
ditektās
ditekted
ditekten
ditektiŋ
ditektiv
ditektivā
ditektivās
ditel
ditels
ditörmin
ditörmined
ditörmineiçion
ditörmineiçions
ditörminen
ditörminènt
ditörminiŋ
divaiçion
divaiçions
divaid
divaided
divaiden
divaidiŋ
divais
divaises
divelop
divelopā
divelopās
diveloped
divelopen
divelopiŋ
divelopmènt
divelopmèntol
divelopmènts
divieiçion
divot
divoted
divoten
diwaru
diwarui
diwōŋjü
diwōŋjüzo
diwoŋsīk
diyànci
diyitsùm
dìẑèn
diziu
diziuru
diziuzo
dizzy
DJ
DKM
Dktr.
DNS
doktār
doktārs
dokyārd
dokyumènt
dokyumenteiçion
dokyumenteiçions
dokyumenteit
dokyumenteited
dokyumenteiten
dokyumenteitiŋ
dokyumènts
Dollar
Dollars
domein
domeins
domestik
Don
Don-don
doneiçion
doneiçions
doneit
doneited
doneiten
doneitiŋ
doŋ
Doŋ Asia
doŋbàk
Doŋbàk Asia
doŋbàkbu
doŋbu
dǒŋcan
doŋfōŋ
Doŋguán
dǒŋmǐt
doŋnam
Doŋnam Asia
doŋnambu
doŋnùt
Don-ki
Don-me
dono
Doraemon
Dorkol peppèrs
đōs
dot
dots
dou
Doüčik
Doüčiš
Doüčlènd
doudàk
douĥ
Doumen
down
dows
dowseij
draft
drai
draied
draien
draiiŋ
drailèndfiš
draiv
draivā
draivās
draived
draiven
draiviŋ
drama
dramas
dres
dreses
drill
drilled
drillen
drilliŋ
drills
drīm
drīmi
drīms
drink
drop
droped
dropen
dropiŋ
drùg
dū
dùb
dùbbol
dùbbolklikk
dùbbolklikks
dùbboltäp
dùbboltäps
dùbed
dùben
dùbiŋ
dukcoi
duklap
duklapen
duklapna
dukyime
dùkyime
dukyök
dün
düni
dünku
Dǖnŋ́
düöŋ
dup
dùplikeiçion
dùplikeiçions
dùplikeit
dùplikeited
dùplikeiten
dùplikeitiŋ
duriŋ
Durum
đùs
dùt
dùtŋán
Dùtŋán Siunin
dùtŋánzü
dùttóuci
dùttóuzài
DVD
dyu
dyü
dyuyu
E
é
è
ě
ē
ed
-ed
EDB
ediçion
ediçions
edit
editā
editàbol
editās
edited
editen
editiŋ
edits
Edubuntu
Efes
eijènçi
eijènçis
eijènt
einj
Eiprol
ej
ejs
ejukeiçion
ejukeiçionol
ejukeiçions
ejukeit
ejukeited
ejukeiten
ejukeitiŋ
ejuteinmènt
ejuteinmènts
ek
ekoloji
ekolojiā
ekolojiās
ekolojik
ekolojikol
ekolojikolli
ekono
ekonomi
ekonomik
ekonomikol
ekonomikolli
ekonomiks
ekonosencrolisùm
ekonosencrolisùmā
ekonosencrolisùmās
ekonosencrolisùmik
eKRM
Ekuador
Ekuadorik
eld
elefànt
elefànts
elek
elektriçiti
elektrik
elektron
elektronik
elektronikais
elektronik-meil
elektronik-meiled
elektronik-meilen
elektronik-meiliŋ
elektronik-meils
elemènt
elemènts
eletronikpaŧwei
eleveiçion
eleveit
eleveited
eleveiten
eleveitiŋ
Elffya
elimineiçion
elimineiçions
elimineit
elimineitā
elimineitās
elimineited
elimineiten
elimineitiŋ
emaigreiçion
emaigreiçions
emaigreit
emaigreitā
emaigreitās
emaigreited
emaigreiten
emaigreitiŋ
embed
embeded
embeden
embediŋ
emblèm
emblèms
e-meil
e-meiled
e-meilen
e-meiliŋ
e-meils
emfasais
emfasaised
emfasaisen
emfasaisiŋ
emiçion
emiçions
emit
emited
emiten
emitiŋ
emörj
emörjed
emörjen
emörjiŋ
empàir
empàirā
empàirās
employ
employmènt
empt
empted
empten
emptiŋ
emti
emtied
emtien
emtiiŋ
eMule
emuleiçion
emuleiçionol
emuleiçionolli
emuleiçions
emuleit
emuleited
emuleiten
emuleitiŋ
emyuleit
emyuleitā
emyuleitās
emyuleited
emyuleiten
emyuleitiŋ
en
-en
enàbol
enàboled
enàboleiçion
enàboleiçions
enàbolen
enàboliŋ
ençaiklopidia
ençaiklopidiaik
ençaiklopidias
end
ended
enden
endiŋ
endiŋs
endpoint
endpoints
enèrji
enèrjitik
enfors
enforsed
enforsen
enforsiŋ
engeij
engeijed
engeijen
engeijiŋ
engreiv
enhans
enhansed
enhansen
enhansiŋ
enhansmènt
enimi
enimis
enjīn
enjīnā
enjīnāloji
enjīnālojiā
enjīnālojiās
enjīnālojik
enjīnālojikol
enjīnālojikolli
enjīnās
enjīns
enjoi
enjoied
enjoien
enjoiiŋ
enjol
enjolhär
enjols
enkauntèr
enkauntèred
enkauntèren
enkauntèriŋ
enkoud
enkoudā
enkoudās
enkouded
enkouden
enkoudiŋ
enkoudiŋs
enkrypçion
enkrypçions
enkrypt
enkrypted
enkrypten
enkryptiŋ
enlarj
enlarjed
enlarjen
enliŋk
enliŋked
enliŋken
enliŋkiŋ
ensyur
ensyured
ensyuren
ensyuriŋ
enter
enteràns
entered
enteren
enteriŋ
enterprais
entertein
enterteined
enterteinen
enterteiniŋ
enterteinmènt
enterteinmènts
entiti
entitis
entri
entris
enùf
environmènt
environmèntol
environmènts
Epifani
epistol
epistols
era
eras
eskaleiçion
eskaleiçionol
eskaleiçionolli
eskaleiçions
eskaleit
eskaleitā
eskaleitās
eskaleited
eskaleiten
eskaleitiŋ
eskäp
eskeip
Esnamklavpi
Espanya
Espanyaiš
Esperanto
essei
esseis
establiš
establišed
establišen
establišiŋ
establišmènt
estäblišmènt
estäblišmènts
esteit
estīm
estimeiçion
estimeiçions
estimeit
estimeited
estimeiten
estimeitiŋ
etik
eŧiks
eŧnolog
eŧnoloji
eŧo
eŧoloji
eŧolojiā
eŧolojiās
eŧolojik
eŧolojikol
eŧolojikolli
etymo
etymoloji
etymolojiā
etymolojiās
etymolojik
etymolojikol
etymolojikoli
etymolojikolli
evri
evribodi
.exe
F
fā
fācya
fāfā
fāfāšortbrēd
fahok
fǎi
faibèr
faibèrik
faibèrs
fain
fainäns
fainänsed
fainänsen
fainänses
fainänsiŋ
fainänsol
faind
fainded
fainden
faindiŋ
fained
fainen
fainenàmaunt
fainiŋ
fainol
fainolais
fainolaised
fainolaisen
fainolaisiŋ
fǎinotǐt
FAK
fäkolti
fäkoltis
fäks
fäksimili
fäkt
fäktor
fäktorais
fäktoraised
fäktoraiseiçion
fäktoraisen
fäktoraisiŋ
fäktori
fäktoris
fäktoriwörkā
fäktoriwörkās
fäktors
fäkts
Falls
fämili
fämilia
fämiliar
fämilihouldā
fämilihouldās
fämilis
fän
fān
fānčöč
fānčöčru
fānguŋ
fānguŋru
fānhok
fānhokru
fānké
fānkéi
fānkéiru
fānŋukkei
fānŋukkeiru
fānru
fäns
fānzo
fär
fār
färī
färīs
fārm
fārmā
fārmako
fārmakoloji
fārmakolojiā
fārmakolojiās
fārmakolojik
fārmakolojikol
fārmakolojikolli
farmās
fārmās
fārmiŋ
fārmoloji
fārmolojiā
fārmolojiās
fārms
Farsi
Farsiik
Farsiiš
fāsàŋ
fäsiliteiçion
fäsiliteiçions
fäsiliteit
fäsiliteitā
fäsiliteitās
fäsiliteited
fäsiliteiten
fäsiliteitiŋ
fäsiliti
fäsilitis
fäšion
fäšionna
fäšion-na
fäšions
fast
faster
fastest
fätik
faund
faundā
faundās
faunded
faunden
faundiŋ
Faye
fayl
faylformät
faylformäts
faylikstençion
faylikstençions
fayllist
fayllists
faylneim
faylneims
fayls
faylsaiz
faylsaizes
faylsistèm
faylsistèms
fayltaip
fayltaips
fayn
feč
fečed
fečen
fečiŋ
fei
feil
feiled
feilen
feiliŋ
feim
feimùs
feina
Feiŋosan
feis
Feisbūk
Feisbukçiti
Feisbukçitiā
Feisbukçitiās
feised
feisen
feises
feisiŋ
feisvälyu
feisvälyus
feit
feitol
feits
feivor
feivoràit
feivoràits
feivoriŋ
feivors
feneŧylamin
feri
feris
festivol
festivols
FFmpeg
fiansī
fīd
fīdbäk
fīdbäks
fīded
fīden
fīdiŋ
fīdrīdā
fīdrīdās
fīds
figā
figās
figyur
Fiji
fikçion
fikçions
fiks
fiksed
fiksed-ùp
fiksen
fiksen-ùp
fiksiŋ
fiksiŋ-ùp
fikstā
fikstās
fiks-ùp
fīl
fīld
fīlds
fīled
fīlen
fīliŋ
fill
fillā
fillās
filled
fillen
fill-in
filliŋ
filliŋs
film
films
filosofi
filosofiā
filosofiās
filtèr
filtèrā
filtèrās
filtèred
filtèreiçion
filtèreiçions
filtèren
filtèriŋ
fin
fiŋgà
fiŋgàs
fiŋgàtäp
fiŋgàtäped
fiŋgàtäpen
fiŋgàtäpiŋ
fiŋgàtäpiŋs
finiš
finišed
finišen
finišiŋ
Finlènd
Finlèndiš
FIPS
Firefox
fisikol
fisikolĥemistri
fisiks
fisio
fisioloji
fisiolojiā
fisiolojiās
fisiolojik
fisiolojikol
fisiolojikolli
fit
fited
fiten
fitiŋ
fitnès
fläg
flägs
fläš
Flash
flät
flätäria
flawr
fleivār
fleivāràbol
fleks
fleksàbol
fleksàboliti
fliŋ
fliŋed
fliŋen
fliŋiŋ
fliŋtàu
flip
fliped
flipen
flipiŋ
flopp
floppi
floppidisk
floppidisks
floppis
flow
flowed
flowen
flowiŋ
flowt
flowted
flowteiçion
flowteiçions
flowteit
flowten
flowtiŋ
FLPS
fluènçi
fluènt
Fluoksetin
flùš
flùšā
flùšās
flùšed
flùšen
flùšiŋ
flütglās
flütglāses
fo
fó
Fódei
Foklènd Ailènds
folow
folowed
folowen
folowiŋ
fols
fòlt
fon
fondü
fonetik
fonetiks
foŋfówōl
foŋfówōls
fǒŋgǎ
fǒŋhā
fōŋsü
foniks
fonotäktiks
font
fonts
for
for-
förđèr
forèst
forèsteiçion
forevā
forget
forgeted
forgeten
forgetiŋ
forgraund
fork
forkast
forkasted
forkasten
forkastiŋ
forked
forken
forkiŋ
form
förm
formät
formäted
formäten
formätiŋ
formäts
formed
förmed
formeiçion
formeiçions
formen
förmen
fōrmèn
fōrmèns
formiŋ
förmiŋ
formiŋs
formol
formolais
formolaiseiçion
formolaiseiçionol
formolisùm
formolisùmā
formolisùmās
formolisùmik
forms
förmwär
förmwärs
formyula
formyuleiçion
formyuleiçions
formyuleit
formyuleited
formyuleiten
formyuleitenā
formyuleitenās
formyuleitiŋ
fors
forsed
forsen
forsiŋ
fortrès
fortrèses
Fortünçiti
forùm
forùms
Fossil
föt
foto
fotograf
fotografi
fotografik
fotografikol
fotografikolli
fotokopi
fotokopied
fotokopien
fotokopiiŋ
fotos
fötùs
foukùs
foukùsed
foukùsen
foukùsiŋ
fould
fouldā
fouldās
foulded
foulden
fouldiŋ
Fówu
frägmènt
frägmènts
fräktol
fräktolais
fräktolaised
fräktolaisen
fräktolaisiŋ
fräktols
fränd
fränds
fray
frayed
frayen
frayiŋ
freim
freimed
freimen
freimiŋ
freims
freimwörk
freimwörks
freis
freises
frend
Frendov
frends
freš
frešed
frešen
frešiŋ
frī
frīdom
frīed
frīen
frīiŋ
frikwènçi
frikwènt
frikwèntli
Frinj
frīraidā
frītaip
frīž
frīžed
frīžen
frīžiŋ
from
Fronçeis
Fronçeisiš
Fronçeis-suk
frònt
fròntend
frùstreit
frùstreitiŋ
frūt
frūti
frūtjūs
frūts
FTP
fūd
fǔgěn
fui
Fuifui
fuisīk
Fújiàn
fùkk
Fuktin
fukyùm
full
fullfill
fullfilled
fullfillen
fullfilliŋ
fullform
fulli
fullneim
fullskrīn
fùn
fùnd
fùnded
fùnden
fùndiŋ
fùni
fùnkçion
fùnkçioniŋ
fùnkçionol
fùnkçionolliti
fùnkçions
Fùnléŋ
fùnni
für
füsion
fusuk
fūt
fūtā
fūtās
futbol
futbols
Futi
futnout
futnouts
fùzzi
fùzzinès
fyū
G
ga
gäđā
gäđāed
gäđāen
gäđāiŋ
gäđār
gäđāred
gäđāren
gäđāriŋ
Gäđèriŋna
Gadgadsbogen
gädjèt
gädjèts
gàfe
gai
gaid
gaided
gaiden
gaidiŋ
gaidlain
gaidlains
gäin
gäiniŋ
gala
gäla
gälari
gälaris
gälas
gämbol
gämboled
gämbolen
gämboliŋ
gāmsi
gāmsizo
gāmsizoru
Gaŋnam
Gaŋwon
gǎnkit
gǎnkitna
Gānsù
gäp
gārd
gārdèn
Gārdènā
gārdèniŋ
gārdèns
garlik
garmènt
garmènts
gäst
gästbūk
gästbūks
gästs
gàu
Gàuluŋ
Gàuluŋ Çiti
Gàuluŋ Toŋ
Gàuluŋ Wài
Gàuluŋ Wān
Gàuluŋ Zài
gavèrn
gavèrnā
gavèrnàns
gavèrnās
gavèrned
gavèrneiçion
gavèrneiçions
gavèrnen
gavèrnenpleis
gavèrniŋ
gavèrnmènt
gavèrnmènts
ge
gè
geigùm
geim
geims
geitwei
geràntī
geràntīed
geràntīen
geràntīiŋ
Gerogia
Gerogiaiš
get
geted
geten
getiŋ
gettext
gewa
-gewa
gga
gĥarāfa
Ghost
GhostScript
GIF
gift
gifts
gīn
gindòu
gindòuru
gindòuzo
giŋganun
ginhoŋ
ginhoŋna
girim
girok
girokzo
girokzoru
giv
gived
given
giviŋ
giviŋs
gläd
glädzo
glädzo-dè
glädzoru
glaid
glaided
glaiden
glaidiŋ
glās
glob
globol
globolli
globolskoup
globolwormiŋ
glori
glorifai
glorifaied
glorifaien
glūm
glūtameit
glūtamik
glūtamiksün
glūtamin
glūtèn
glūtimùs
glūtimùsrais
Gnome
GnomeSword
GNU
gobou
God
gǒk
gök
gokab
gǒkgǒk
gökpok
gökzài
gökzí
Gold
goldfiš
golf
golfbol
golfbols
göŋ
goŋgoŋ
goŋhó
goŋlàm
Google
görl
görlfrend
görlfrends
görls
Goŧik
gou
goud
goudmusika
goued
gouen
gouiŋ
goul
gouls
goutu
grädjueiçion
grädjueiçions
grädjueit
grädjueited
grädjueiten
grädjueitī
grädjueitiŋ
graf
grafik
grafikol
grafiks
grafs
gräin
gräins
grämma
grämmatik
grämmatikol
grämmatikolli
grānd
grändma
grändpa
grändsòn
grant
gras
Grasfīld
graund
graunded
graunden
Gregoriaik
greid
greided
greiden
greidiŋ
greids
greis
greispirīd
greiv
greived
greiven
greiviŋ
grey
greywär
grill
grilled
grillen
grilliŋ
grin
grīn
grined
grinen
Grīnhil
grīni
griniŋ
grīnwaš
grīnwašàbol
grīnwašed
grīnwašen
grīnwašiŋ
grīt
grīted
grīten
grītiŋ
gros
grow
growàbol
growàboliti
growed
growen
growiŋ
growŧ
growùp
Grundo
Grundos
grūp
grūped
grūpen
grūpiŋ
grūps
gū
gua
Guarana
guest
guestbūk
guestbūks
gugujörk
gūguŋ
gui
Guiana
gùid
gùidā
gùidàns
gùidās
gùided
gùiden
gùidiŋ
guitar
Guìžōu
gūjie
gūjöŋ
gǔk
gǔkdàu
Gǔkdàuzài
gùm
gūma
gùmbäŋk
gùmbäŋks
Gùmdei
gūmet
gūmets
gùmlei
Gùmnin
Gùmsīk
Gùmwān
Gǔŋcānjui
guŋfǒ
guŋhei
guŋhoi
guŋyün
Gūŋzǘ
guo
guodi
guona
gūpo
gurai
gusi
gut
gūtou
Guy-ana
gūyi
gūyis
gwai
gwài
gwàidài
Gwanak
Gwǎŋdōŋ
Gwǎŋxī
Gwǎŋẑōu
gwànwoŋ
gwàt
gwàtnúi
gwàttàu
gwokdou
gwokfu
Gwóŋduŋ
Gwóŋduŋiš
gwōŋgwūn
Gwóŋsài
Gwūn Toŋ
GYI
.gz
gzip
H
Ĥ
häbit
häbits
haček
haggis
haggismùšrūm
ĥaiàr
haid
haided
haiden
haidiŋ
Haidiŋna-monŧ
haifeneiçion
haifeneiçions
haifeneit
haifeneited
haifeneiten
haifeneitiŋ
haiĥ
haiĥäria
haiĥer
haiĥest
Haiĥ-Fai
haiĥklass
haiĥklasses
haiĥlàit
haiĥlàited
haiĥlàiten
haiĥlàitenā
haiĥlàitenās
haiĥlàitenī
haiĥlàitiŋ
haiĥ-praioriti
haiĥ-praiority
haiĥ-skūl
Hǎinán
haiper
hàiper
hàiperāliŋk
hàiperāliŋks
hàiperāmarket
hàiperāmarkets
hàiperātekst
hàiperāteksts
haiperliŋk
haiperliŋks
haiŧ
haiwei
haiweis
hajiman
hāk
Hākhoi
ĥaki
hākmá
Hākmu
hāksiewui
hāksīk
Halou
hälŧ
hälŧi
hämmār
hämmārs
hamsùb
hamsùbna
händ
händikäp
händikäped
händikäpen
händikäpiŋ
händol
händolā
händolās
händoled
händolen
händoliŋ
händols
Handoŋ
händs
Haŋ
häŋ
häŋed
häŋen
häŋfän
häŋfäns
häŋiŋ
Hanguk
Hangukiš
hangùl
hankär
Hannam
Hanyaŋ
hàpděŋ
häppèn
häppèned
häppènen
häppèniŋ
häppi
häppinès
harbar
harbarais
harbars
Harbin
hard
harddisk
harddisks
harden
hardkopi
hardkopis
hard-kouden
hardli
hardwär
harm
harmiŋ
harmonaiçion
harmonaiçionol
harmonaiçionolli
harmonaiçions
harmonais
harmonaised
harmonaiseiçion
harmonaisen
harmonaisiŋ
hārt
hārts
Harumi
harvest
harvested
harvesten
harvestiŋ
hasbànd
hasbànds
häštäg
häštägs
hàu
hāu
hāueva
hàuki
haus
haused
hausen
hauses
hausiŋ
hauskīp
hauskīped
hauskīpen
hauskīpiŋ
Havana
Havanaik
Ĥavvah
haw
hayak
hayaku
Hayastan
Hayastaniš
HDD
Héběi
hēd
hēdā
hēdās
hēdiŋ
hēdiŋs
hēds
héiciŋ
Hēilóŋjiāŋ
heit
hěiwàn
hel
Hellas
Hellasik
Hellasiš
help
helpā
helpās
helped
helpen
helpiŋ
helŧ
helŧi
helŧier
helŧiest
helŧstùdis
ĥemikol
ĥemistri
Hénán
Hěŋfā
heriteij
hestiteit
hestiteiten
hev
hexa
hexadirekçion
hexadirekçionol
hexadirekçions
hexadirekt
hexadirekted
hexadirekten
hexadirektiŋ
hexaleŋgueij
hexaleŋgueijol
Hexapeptide-3
Hibryu
Hibryuiš
Hicuji
hik
hil
hils
Hindi
Hindiiš
Hín Gǐŋ
hint
hints
hipnosis
hipnosised
hipnosisen
hipnosisiŋ
hiro
hiroik
hiros
histo
histoloji
histolojiā
histolojiās
histolojik
histolojikol
histolojikolli
històri
històrik
històrikol
històris
Hittie
Hittites
híu
Hodoŋ
hói
hóicóu
hóigun
hóihap
hóiŋǒn
Hóiŝān
hóisui
hoisùm
hóixin
hok
hōl
holidei
holideis
holow
holowroba
hòlt
hòlted
hòlten
hòltiŋ
hom
homá
homás
Homäsil
homlènd
hommeik
hommeiked
hommeiken
hommeikiŋ
hompeij
hompeijs
homs
homtawn
homtawns
hon
Höŋgóŋ
Höŋgóŋik
hoŋi
hoŋon
hop
hòp
hoped
hòped
hopen
hòpen
hopfùl
hopiŋ
hòpiŋ
hoplès
hörb
hörbol
hörbs
hori
horizont
horizontol
horizontolli
hors
hört
hörted
hörten
hörtiŋ
Hosài
hospitol
hospitols
host
hosted
hosteij
hosten
hostiŋ
hostneim
hostneims
hosts
hosui
hot
hotel
hotels
hotfiks
hotfiksed
hotfiksen
hotfiksiŋ
hotpot
hotpots
hotsörven
houci
hould
houldā
houldās
houlded
houlden
houldiŋ
hova
hoxin
HPLIP
Ĥristian
Ĥristianloji
Ĥristianlojiā
Ĥristianlojiās
Ĥristianlojik
Ĥristianlojikol
Ĥristianlojikolli
Ĥristianoloji
Ĥristmās
Ĥristos
ĥronikol
ĥronikolloji
ĥronikollojiā
ĥronikollojiās
ĥronikollojik
ĥronikollojikol
ĥronikollojikolli
ĥronoloji
html
http
https
Húběi
huey
Huí
Huízǔk
Húnán
huŋ
huŋcya
huŋdàu
huŋkärot
huŋŋok
huŋroba
huŋsīk
huŋsīkna
huŋsīk-na
hùnny
hunspell
hunspell-tools
hùnt
hùntā
hùntās
hùnted
hùnten
hùntiŋ
Hwábàk
Hwádoŋ
hwait
hwaitbōd
hwaitbōds
hwaitspeis
hwaitspeises
hwakjòŋ
Hwánam
Hwáŋbù
hwàt
hymn
hymns
hypokinetiks
hyumàn
hyumàns
I
í
ì
Ǐ
ī
iBook
iceweasel
IE
if
ifekt
ifektiv
ifektiviti
ifektivli
ifektivnès
ifekts
iffiçiençi
iffiçient
ig
ignor
ignored
ignoren
ignoriŋ
igs
igšel
igšels
IHB
iif
IIS
ījekçion
ījekçions
ījekt
ījekted
ījekten
ījektiŋ
ikoloji
ikolojiā
ikolojiās
ikolojik
ikolojikol
ikolojikolli
iksait
iksaited
iksaiten
iksaitiŋ
iksäkt
iksäktli
iksämin
iksämined
iksämineiçion
iksämineiçions
iksäminen
iksäminiŋ
iksampol
iksampols
iksčeinj
iksčeinjed
iksčeinjen
iksčeinjiŋ
iksel
iksepçion
iksepçions
iksept
ikseseni
iksetra
iksibiçion
iksibiçions
iksibit
iksibited
iksibiten
iksibitiŋ
iksibits
iksikyuçion
iksikyuçions
iksikyut
iksikyutàbol
iksikyuted
iksikyuten
iksikyutiŋ
iksist
iksisted
iksisten
iksistiŋ
iksit
iksitiŋ
iksits
iksklūçion
iksklūçions
iksklūd
iksklūded
iksklūden
iksklūdiŋ
iksklusiv
iksklūsiv
ikskyus
ikskyuses
ikspair
ikspaired
ikspaireiçion
ikspaireiçions
ikspairen
ikspairiŋ
ikspänçion
ikspänçions
ikspänd
ikspänded
ikspänden
ikspändiŋ
ikspeçiolli
ikspediçion
ikspediçions
ikspedit
ikspedited
ikspediten
ikspeditiŋ
ikspekçion
ikspekçions
ikspekt
ikspekted
ikspekten
ikspençion
ikspençions
ikspend
ikspended
ikspenden
ikspendiŋ
ikspens
ikspensiv
ikspèriment
ikspèrimented
ikspèrimenten
ikspèrimentiŋ
ikspèrimentol
ikspèriments
ikspesiol
ikspesiolli
ikspir
ikspiràns
ikspirànsed
ikspirànsen
ikspirànsī
ikspirànsiŋ
ikspirànsīs
ikspiri
ikspiriensen
iksplen
iksplened
ikspleneiçion
ikspleneiçions
iksplenen
ikspleniŋ
iksplor
iksplorā
iksplorās
iksplored
iksploreiçion
iksploreiçions
iksploren
iksploriŋ
iksponènt
ikspörimènt
ikspörimèntol
ikspörimènts
iksport
ikspört
ikspörtaiçion
ikspörtaiçions
ikspörtais
ikspörtaised
ikspörtaisen
ikspörtaisiŋ
iksporteiçion
iksporteiçions
iksporteit
ikspörtik
ikspörts
ikspreçion
ikspreçionol
ikspreçionolli
ikspreçions
ikspres
ikspresçion
ikspresçionol
ikspresçionolli
ikspresçions
ikspresed
ikspresen
ikspresiŋ
ikspresiv
ikspresivnès
ikspresnai
ikspress
ikspressed
ikspressen
ikspressiŋ
ikspressiv
ikspressivnès
ikspressnai
ikstänçion
ikstänçions
ikständ
ikstençion
ikstençions
ikstend
ikstended
ikstenden
ikstendiŋ
ikstens
ikstensiv
ikstent
ikstörnol
ikstörnolaiçion
ikstörnolaiçions
ikstörnolais
ikstörnolaised
ikstörnolaisen
ikstörnolaisiŋ
ikstörnolli
ikstra
iksträkt
iksträkted
iksträkten
iksträktiŋ
ikstranet
ikstrapoleiçion
ikstrapoleiçions
ikstrapoleit
ikstras
ikstrīm
ikuip
ikuiped
ikuipen
ikuipiŋ
ikuipmènt
ikweiçion
ikweiçions
ikweit
ikweitā
ikweitās
ikweited
ikweiten
ikweitiŋ
ikwivalènt
ikwol
ikwolais
ikwolaisā
ikwolaisās
ikwolaised
ikwolaisen
ikwolaisiŋ
ikwols
īl
iläbereiçion
iläbereiçions
iläbereit
iläbereited
iläbereiten
iläbereitiŋ
ilekçion
ilekçions
ilekt
ilekted
ilekten
ilektenā
ilektenās
ilektenī
ilektenīs
ilektiŋ
illūçion
illūçionā
illūçionās
illūçions
illūd
illūded
illūden
illūdiŋ
Illusèn
illùstreçion
illùstreçions
illùstreiçion
illùstreiçions
illùstreit
illùstreited
illùstreiten
illùstreitiŋ
illùstret
illùstreted
illùstreten
illùstretiŋ
īls
iMac
imaigreiçion
imaigreiçions
imaigreit
imaigreitā
imaigreitās
imaigreited
imaigreiten
imaigreitiŋ
ime
imeij
imeijeit
imeijeited
imeijeiten
imeijeitiŋ
imeijformät
imeijiŋ
imeijs
img
imiteit
imiteited
imiteiten
imiteitiŋ
immörçion
immörs
immörsed
immörsen
immörsiŋ
imoçion
imoçionol
imoçions
imot
imotaikon
imotaikons
impäkt
impäkten
impend
impended
impenden
impendiŋ
implai
implaied
implaien
implaiiŋ
implaikeiçion
implikeiçion
implimènt
implimènted
implimènteiçion
implimènten
implimèntiŋ
import
importā
importàns
importànt
importās
imported
importen
importiŋ
imports
impresçion
impresçionol
impresçionolli
impresçions
impress
impressed
impressen
impressiŋ
imprūv
imprūven
imprūvmènt
in
inaktiv
inaktiveiçion
inaktiveiçions
inaktiveit
inaktiveitā
inaktiveitās
inaktiveited
inaktiveiten
inaktiveitiŋ
inaktiviti
inaktivitis
indekçion
indeks
indeksfiŋgà
indent
indenteiçion
indenteiçions
indenteit
indenteited
indenteiten
indenteitiŋ
indents
India
Indiaik
indikeiçion
indikeiçionol
indikeiçionolli
indikeiçions
indikeit
indikeitā
indikeitās
indikeited
indikeiten
indikeitiŋ
indikeitiv
indipendènçi
indipendèns
indipendènt
indipendèntli
indivaidol
Indonesia
Indonesiaik
Indonesiaiš
indor
indùlj
indùstri
indùstriol
indùstris
indyus
indyused
indyusen
indyusiŋ
infànt
infànts
infekçion
infekçions
infekt
infekted
infekten
infektenā
infektenās
infektenī
infektenīs
infektiŋ
infiltreiçion
infiltreiçions
infiltreit
inflekçion
inflekçions
inflekt
influèns
influènsed
influènsen
influènsiŋ
influènsol
influenža
Influenžaivi
info
infoboks
infofīd
inform
informeiçion
informeiçionol
informeiçionolli
informeiçions
infra
infrastrùkcör
iŋ
-iŋ
Iŋglènd
Iŋgliš
ingrèdiènt
ingrèdiènts
inherit
inherited
inheriten
inheritiŋ
inhibit
inhibitā
inhibitās
iniçieiçion
iniçieiçions
iniçieit
iniçieitā
iniçieitās
iniçieited
iniçieiten
iniçieitiŋ
iniçiol
iniçiolais
iniçiolaised
iniçiolaiseiçion
iniçiolaisen
iniçiolaisiŋ
iniçiolli
injekçion
injekçions
injekt
injekted
injekten
injektiŋ
inkeis
inklūçion
inklūçions
inklūd
inklūded
inklūden
inklūdiŋ
inklūsiv
inkom
inkomiŋ
inkomiŋs
inkompätàbol
inkompätàboliti
inkonveniàns
inkonveniànt
inkorpòreit
inkorpòreited
inkorpòreiten
inkorpòreitiŋ
inkorrekt
inkorrektnès
inkrīmènt
inkrīs
inkrīsed
inkrīsen
inkrīsiŋ
inkrīsiŋli
Inkscape
inlain
inlènd
innùf
inorgànik
input
inpùt
inputed
inpùted
inputen
inpùten
inputiŋ
inpùtiŋ
insaid
insekçion
insekçions
insekt
insekted
insekten
insektiŋ
insomnia
insörçion
insörçions
insört
insörted
insörten
insörtiŋ
inspekçion
inspekçions
inspekt
inspekted
inspekten
inspektiŋ
instàns
instànses
instituçion
institut
instityuçion
instityuçions
instityut
instityuted
instityuten
instityutiŋ
instol
instolā
instolās
instoled
instoleiçion
instoleiçions
instolen
instoliŋ
instrùkçion
instrùkçions
instrùkt
instrùkted
instrùkten
instrùktiŋ
instrumènt
instrumènts
insùffiçiènt
integreiçion
integreiçions
integreit
integreitā
integreitās
integreited
integreiten
integreitiŋ
intejèr
intejèrs
intellijènçi
intellijènt
intellijèntli
intellijèntol
intençion
intençions
intend
intended
intenden
intendiŋ
interakçion
interakçions
interakt
interakten
interaktiŋ
interaktiv
interaktru
interbänk
interčeinj
interčeinjed
interčeinjen
interčeinjiŋ
interčeinjs
intèrèst
intèrèsted
intèrèsten
intèrèstiŋ
interfeis
interfeises
interfir
interfired
interfiren
interfiriŋ
internaçion
internaçionol
internaçionolais
internaçionolaiseiçion
internaçions
Internet
internol
internolais
internolaised
internolaiseiçion
internolaiseiçions
internolaisen
internolaisiŋ
interpret
interpreted
interpreteiçion
interpreteiçions
interpreteit
interpreten
interpretiŋ
interrùpçion
interrùpçions
interrùpt
interrùpted
interrùpten
interrùptiŋ
intersekçion
intersekçions
intersekt
intersekted
intersekten
intersektiŋ
interùnhoŋ
intervençion
intervençionol
intervençionolli
intervençions
intervent
intervented
interventen
interventiŋ
intervol
intervols
interwiki
interwikied
interwikien
interwikiiŋ
interwikis
intörnol
intörnolaiçion
intörnolaiçions
intörnolais
intörnolaised
intörnolaisen
intörnolaisiŋ
intranaçionol
intranet
intrapoleiçion
intrapoleiçions
intrapoleit
introdùkçion
introdyus
introdyused
introdyusen
introdyusiŋ
intruçion
intruçions
intrud
intruded
intruden
intrudiŋ
intu
Inubo
invälid
invälideiçion
invälideiçions
invälideit
inveiçion
inveiçions
inveid
inveided
inveiden
inveidiŋ
inveidiŋli
inveidiŋs
invençion
invençions
invent
invented
inventen
inventiŋ
invèntori
invest
investmènt
invok
invokeiçion
invokeiçions
invokeit
invoken
involv
involved
involveiçion
involveiçionol
involveiçionolli
involveiçions
involven
involviŋ
IP
iPad
IPCop
iPhone
iPod
Iran
Iraniš
is
-iš
isens
isensiol
isi
isier
isiest
isili
Islam
Islamik
ISM
-ism
ISO
ISP
issyu
issyued
issyuen
issyuiŋ
issyus
ist
Istanbol
istnorŧ
Istpoint
istsouŧ
isū
-isùm
isūs
it
Italia
Italiaik
Italiaiš
itč
itči
itèreiçion
itèreiçions
itèreit
itèreited
itèreiten
itèreitiŋ
ītörnol
ītörnolais
ītörnolaiseiçion
iTunes
ivälyueiçion
ivälyueiçions
ivälyueit
ivälyueited
ivälyueiten
ivälyueitiŋ
ivèn
ivènli
ivent
ivents
ivolli
ivoluçion
ivoluçionary
ivolv
ivolved
ivolven
ivolviŋ
IWB
Izmir
J
jaigan
jaigantik
jäkket
Jäm
jamo
jamsi
Jamwon
Jaŋam
jaŋmi
jargons
Java
jaw
Jef
Jeims
jelei
jem
jemineiçion
jemineiçions
jemineit
jems
jemun
jemunò
jenereiçion
jenereiçions
jenereit
jenereitā
jenereited
jenereiten
jenereitiŋ
jenerik
jenerol
jenerolli
Jennifèr 
Jermany
Jermanyik
Jermanyiš
jesčö
jesčös
jibei
jidou
jǐdǔŋ
jigei
jiggiŋ
jigùm
jikdou
Jílín
jilmun
jilmunò
jimou
Jǐnán
Jini
Jǐníŋ
jinjùŋ
Jinkela
jio
jiografi
jiografik
jiografikol
jioloji
jiolojik
jiolojikol
jiometri
jiorīplikeiçion
jiotargetiŋ
jipfän
jipfäns
jiraf
jirafs
jíu
jiyàn
jíyi
Joän
Joänna
job
jobs
Joil
join
joined
joint
joints
Jölört
Jölörts
jöŋgwàn
Jòŋja
Jórdùn
Jorjia
jörk
jörnol
jörnolism
jörnolist
jörnolisùm
jörnolisùmā
jörnolisùmās
jörnolisùmik
Josòn
Josòniš
jousèn
joy
JPEG
.jpeg
.jpg
jraft
jrag
jräg
jraged
jräged
jragen
jrägen
jragiŋ
jrägiŋ
jrama
jramas
jraw
jrawbäk
jres
jresdawn
jreses
jreskoud
jrō
jrōbäk
jrōed
jrōen
jrōiŋ
jügulik
jùj
jùjed
jùjen
jùjiŋ
jùjmènt
jùjmènts
Julia
jùmp
jùmped
jùmpen
jùmpiŋ
Jun
Juŋ
Juŋdoŋ
jüngiŋ
jùŋk
Juŋnamŋon
jùngol
Juŋsùm
Junior
jūs
jùst
jùstis
jüyi
jüyǔk
Jyourinobu
jyuwei
jyuweijiu
K
kaasu
kabāb
käbbeij
Käbbeijs
käbinèt
käbinèts
kaci
Kačīk
Kačīks
Kagi
kaind
kainds
Kaisar
käktoupùs
käktùs
käktùses
Kalapani
kalar
kalared
kalaren
kalariŋ
kalars
kalendar
kälèndār
kalendar-dei
Kälèndāriŋ
kalendar-monŧ
kalendar-nin
kalendars
kälèndārs
kalkyuleiçion
kalkyuleiçions
kalkyuleit
kalkyuleitā
kalkyuleitās
kalkyuleited
kalkyuleiten
kalkyuleitiŋ
Kambodia
Kämbrij
kamera
kameras
kamo
kämpäŋ
kämpäŋs
kämpùs
kän
Känada
Känadaik
kändi
kändideit
kändideits
kändol
kändols
käned
känen
käniŋ
känna
käns
känsā
känsās
känsol
känsoled
känsoleiçion
känsoleiçions
känsolen
känsoliŋ
Känton
käp
käpàbol
käpàboliti
käpçion
käpçionais
käpçionaised
käpçionaisen
käpçionaisiŋ
käpçions
käpcör
käpcöred
käpcören
käpcöriŋ
käped
käpen
käpiŋ
käpitol
Kappar
käpsol
käpsols
käptön
käptöned
käptönen
kär
käraktā
käraktāmäp
käraktās
käraktèr
käraktèrais
käraktèraised
käraktèraisen
käraktèraisiŋ
käraktèristik
käraktèristiks
käraktèrs
karaoke
karavān
karbohydreit
karbohydreits
kard
kardhouldā
kardhouldās
kards
karet
käriŋ
karīr
karma
karnivol
karnivols
kärot
kärots
kärri
kärried
kärrien
kärriiŋ
kärs
kārs
kärset
kart
karts
Kartvelstan
käše
käše-bùstiŋ
käšol
käšolna
kast
kasted
kasten
kastiŋ
kastol
kastols
kāsu
kat
kät
katalog
katalogs
kategori
kategoris
kaŧolik
kaŧoliks
kätpeipā
kàu
Kaukasùs
kaunsèl
kaunsèled
kaunsèlen
kaunsèliŋ
kaunt
kauntā
kauntās
kaunted
kaunten
kauntiŋ
kaunts
kawaii
kayak
kayaks
kB
KD
KD-ROM
kei
Keibī
keibol
keiboliŋ
keibols
kei-i-gwai-na
Keip
keis
keises
keisony
keisonys
keissaiz
keiv
keivs
keyi
kĥimera
kī
kībōd
kībōds
kid
kids
kikk
kikked
kikken
kikkiŋ
kiko
kikos
kil
kiled
kilen
kiliŋ
kilobait
kilobaits
kilomitā
kilomitās
kimiǔ
kimiǔna
kin
kiŋ
kiŋdom
kiŋdòm
kiŋdoms
kiŋs
kinšip
Kinšip Tawn
kīp
kīpäd
kīpäds
kīped
kīpen
kīpiŋ
kīpres
kīpreses
kirei
Kirillik
kīs
Kīŧ
kita
kitadè
kītaip
Kiyosumi
kiẑōŋ
KLÄ
klaiènt
klaiènts
klaimeit
klaimeits
kläm
klämed
klämen
klämiŋ
klās
klāsrūm
klāsrūms
klass
klasses
klassifai
klassifaied
klassifaien
klassifaienī
klassifaiiŋ
klassifaikeiçion
Klassifaikeiçions
klassik
klättu
klaud
klef
klettu
klevreij
klikk
klikked
klikken
klikkiŋ
klikks
klikkträkk
klikkträkked
klikkträkken
klikkträkkiŋ
klikkŧru
klikkŧrus
klīn
klinik
klinikol
kliniks
klīniŋ
klip
klipart
kliparts
klipbōd
kliped
klipen
klipenī
klipenīs
klipiŋ
klips
klīr
klīràns
klīred
klīren
klīri
klīriŋ
klīrli
klof
klofiŋ
Klofiŋna-monŧ
klofru
klofzo
klok
klokkwais
klon
klōn
kloned
klōned
klonen
klōnen
kloniŋ
klōniŋ
klos
klosed
klosen
klosiŋ
klot
kloŧ
kloted
kloten
klotiŋ
kloŧiŋ
kloŧiŋs
kloŧs
klouŧ
klouŧs
klov
klùb
klùbs
klùstèr
klùstèraiçion
klùstèraiçionol
klùstèraiçionolli
klùstèraiçions
klùstèrais
klùstèraised
klùstèraisen
klùstèraisiŋ
klùstèrs
koala
kōč
kōčā
kōčās
kōčed
kōčen
kōčiŋ
kof
koiksist
koiksisted
koiksisten
koiksistiŋ
koin
koineij
koineijed
koineijeiçion
koineijeiçionol
koineijeiçionolli
koineijeiçions
koineijen
koineijiŋ
koineijmil
koineijmils
koins
kok
kokonùt
kokonùts
kokteil
kol
kola
kola-abyus
kola-abyusā
kola-abyusās
kola-abyusiŋ
kola-abyusiv
kolagàfe
Kolcan
kold
koldsörven
koled
kolen
koliŋ
kolläboreiçion
kolläboreiçions
kolläboreit
kolläboreited
kolläboreiten
kolläboreitiŋ
kolläboreitiv
kolläboreitivli
kolläps
kolläpsed
kolläpsen
kolläpsiŋ
kollar
kolleiçion
kolleiçions
kolleij
kolleijs
kolleit
kolleitiŋ
kollekçion
kollekçions
kollekt
kollekted
kollekten
kollektiŋ
kollektiv
kollektivli
kollekts
kolofon
Kolombia
kolùmn
kolùmns
kom
kombain
kombained
kombaineiçion
kombaineiçionol
kombaineiçionolli
kombaineiçions
kombainen
kombainiŋ
komed
komedi
komediā
komediās
komedis
komedy
komedyā
komedyās
komen
komiŋ
komma
kommand
kommandā
kommandās
kommandlain
kommands
kommas
kǒmmens
kǒmmensed
kǒmmensen
kǒmmensiŋ
komment
kommented
kommenten
kommentiŋ
komments
kommit
kommited
kommiten
kommitiŋ
kommitmènt
kòmmon
kòmmonā
kòmmonās
kòmmonest
kòmmonli
kommörs
kommörsol
kommyun
kommyunikeiçion
kommyunikeiçions
kommyunikeit
kommyunikeited
kommyunikeiten
kommyunikeitiŋ
kommyuniti
kommyunitis
kompail
kompailā
kompailed
kompaileiçion
kompaileiçions
kompailen
kompailiŋ
kompäkçion
kompäkçions
kompäkt
kompäkted
kompäkten
kompäktiŋ
kompäŋ
kompäŋs
kompàni
kompànion
kompànis
kompär
kompäraktiv
kompäraktivli
kompäred
kompäreiçion
kompäreiçions
kompären
kompäriŋ
kompärtivli
kompätàbol
kompätàboliti
kompaund
kompet
kompetàns
kompetènçi
kompetènt
kompetitiv
komplein
kompleined
kompleinen
kompleiniŋ
kompleks
kompleksiti
kompliçion
kompliçions
komplit
komplited
kompliten
komplitiŋ
komponènt
komponènts
kompos
komposed
komposen
komposiçion
komposiçions
komposiŋ
komposit
komposited
kompositen
kompositiŋ
kompraisiŋ
kompresçion
kompresçions
kompress
kompressed
kompressen
kompressiŋ
komprihençion
komprihençions
komprihens
komprihensed
komprihensen
komprihensiŋ
komprihension
komprihensiv
kompromis
kompromised
kompromisen
kompromisiŋ
kompùlsori
kompùlsorili
kompyuçion
kompyuçions
kompyut
kompyutā
kompyutās
kompyutāsistèm
kompyutāsistèms
kompyutiŋ
kon-
koncrol
koncrolā
koncrolās
koncroled
koncrolen
koncroliŋ
koncrolpoint
koncrolpoints
koncrols
kondiçion
kondiçioniŋ
kondiçionol
kondiçionolli
kondiçions
kondùkçion
kondùkçions
kondùkt
kondùktā
kondùktās
kondùkted
kondùkten
kondùktiŋ
konfidençiol
konfident
konfig
konfigyur
konfigyured
konfigyureiçion
konfigyureiçions
konfigyuren
konfigyuriŋ
konflikt
konflikts
konform
konförm
konformed
konförmed
konförmeiçion
konförmeiçions
konformen
konförmen
konformèns
konformiŋ
konförmiŋ
konfyus
konfyused
konfyusen
konfyusiŋ
konfyusion
köŋ
köŋi
koniçion
koniçions
konit
konitiv
konkluçion
konkluçions
konklud
konkörrènt
konkörrèntli
konnekçion
konnekçions
konnekt
konnektā
konnektās
konnekted
konnekten
konnektiŋ
konnektiv
konnektiviti
kono
konsekètiv
konsekètivli
konsensùs
konsensùses
konsentreit
konsentreiten
konsept
konsepts
konsidèr
konsidèràbol
konsidèràbolli
konsidèred
konsidèreiçion
konsidèreiçions
konsidèren
konsidèriŋ
konsikwàns
konsikwànses
konsil
konsiled
konsilen
konsiliŋ
konsist
konsisted
konsisten
konsistiŋ
konsiùs
konsiùsles
konsiùsnes
konsīv
konsīved
konsīven
konsol
konsolideiçion
konsolideiçionol
konsolideiçionolli
konsolideiçions
konsolideit
konsolideited
konsolideiten
konsolideitiŋ
konsonànt
konsonànts
konsörv
konsörved
konsörveiçion
konsörveiçionol
konsörveiçions
konsörven
konsörviŋ
konstànt
Konstantinbol
konstelleiçion
konstelleiçions
konstelleiçionsain
konstityuçion
konstityuçions
konstityut
konstityuten
konstityutènt
konstityutènts
konstraint
konstraints
konstrùkçion
konstrùkçions
konstrùkt
konstrùkted
konstrùkten
konstrùktiŋ
konsùlt
konsùlted
konsùlteiçion
konsùlteiçionol
konsùlten
konsùltiŋ
konsum
konsùmp
konsùmpçion
kontäkt
kontäkts
kontein
konteinā
konteinās
konteined
konteinen
konteiniŋ
kontekst
konteksts
kontent
kontents
kontinènt
kontinènts
kontinyu
kontinyued
kontinyueiçion
kontinyueiçions
kontinyuen
kontinyuiŋ
kontinyuùs
kontinyuùsli
konträkt
kontrast
kontri
kontribyuçion
kontribyuçions
kontribyut
kontribyutā
kontribyutās
kontribyuted
kontribyuten
kontribyutiŋ
kontris
kontrovörsol
konvençionol
konveniàns
konvörçion
konvörçions
konvörseiçion
konvörseiçions
konvörsion
konvörsions
konvört
konvörted
konvörten
konvörtiŋ
konvört-tu-selens
koordineiçion
koordineiçions
koordineit
koordineitā
koordineitās
koordineited
koordineiten
koordineitiŋ
koordineits
kop
kopi
kopied
kopiedit
kopien
Kopienī
kopienīs
kopiiŋ
kopileft
kopirait
kopiraiten
kopiraits
kopis
kòppèr
köqi
kōr
körikkyulùm
Korintos
kōrmemori
Korn
korner
Kornhil
körnol
körnolais
körnols
korns
korpòreiçion
korpòreiçions
korpòreit
korrekçion
korrekçions
korrekt
korrekted
korrekten
korrektiŋ
korrektli
korrektnès
körrènçi
körrènçis
körrènt
körrèntli
korridor
korridors
korrīspond
korrīsponded
korrīsponden
korrīspondiŋ
korrùpçion
korrùpçions
korrùpt
korrùpted
korrùpten
korrùptiŋ
kōrs
körsā
körsiv
kort
kōrt
kōrts
körv
körvs
kōs
kōsed
kōseiçion
kosen
kōsen
koses
kōses
kōsiŋ
kost
kostiŋ
kōswei
Kōsweibei
koubu
koubui
koud
koudā
kouded
kouden
koudiŋ
kouiksist
kounsel
kounselā
kounselās
kounseled
kounseleiçion
kounseleiçions
kounselen
kounseliŋ
kounty
kountys
kout
kouted
kouten
koutiŋ
kòvār
kòvāred
kòvāren
kòvāriŋ
kòvèr
kòvèred
kòvèren
kòvèriŋ
Koyasumi
kraft
krafted
kraften
kraftiŋ
krais
kraises
kraitiria
kraitirias
Krawkdragòn
kräyfiš
kräyfišes
kredit
krediteiçion
krediteiçions
krediteit
krediteited
krediteiten
krediteitiŋ
kreditkard
kredits
kridens
kridensiol
kridensiols
krieiçion
krieiçions
krieit
krieitā
krieitās
krieited
krieiten
krieitiŋ
krieitiv
krieitzo
krīm
krippa
krippas
kritik
kritikisùm
kritikisùmā
kritikisùmās
kritikisùmik
kritikol
kritikolli
KRM
krokodail
krokodails
křone
křones
kròp
kròped
kròpen
kròpiŋ
kros
krosed
krosen
krosiŋ
krow
krowed
krowen
krowiŋ
krūs
krūses
kryptoloji
kryptolojiā
kryptolojiās
Ksifos
Ktrl
Ktrl-Alt
Kūgra
kui
kúi
kúiděi
kuidi
kuina
kuiyiwui
kuiz
kuizes
kūk
kūkā
kūkās
kūken
kūkiŋ
kūky
kūkyben
kūkybén
kūkys
kul
kùlčö
kùlčör
kùlčörol
kuled
kulen
kuliŋ
künbiŋ
kùp
kùppol
kùppolais
kùppolaised
kùppolaiseiçion
kùppolaiseiçions
kùppolaisen
kùppolaisiŋ
kùppolen
kùps
kurīmu
kurious
kuš
kušes
kùstard
kùstom
kùstomā
kùstomais
kùstomaised
kùstomaiseiçion
kùstomaiseiçions
kùstomaisen
kùstomās
kùt
kùted
kùten
kùtiŋ
kùtkùt
kuwi
kwàidǎi
kwaiet
kwaieti
kwaietirūm
kwaietirūms
kwaietnès
Kwai Fōŋ
Kwai Hīŋ
kwando
Kwasala
Kwasalaik
kwesçion
kwesçionär
kwesçionärs
kwesçionmark
kwesçions
kwest
kwestdunmark
kwested
kwesten
kwestiŋ
kwests
kwik
kwīn
Kwīnswei
Kwoçient
kwoliteitiv
kwoliti
kwontiteitiv
kwontiti
kwot
kwoteiçion
kwoteiçions
kwoten
kwots
kyi
kyiriŋ
kyiriŋs
kyis
kyiwörd
kyiwörds
Kyrillik
kyu
kyued
kyuen
kyuèri
kyuèristriŋ
kyuiŋ
kyúmiǔ
kyur
kyured
kyuren
kyuriŋ
kyus
L
la
läboratòri
lahmajun
lai
laiàbol
laibrari
laibraris
laied
laien
laif
laifpaŧ
laifsökol
LaifTaip
laiiŋ
làik
làiked
làiken
làikiŋ
laim
laims
làimùt
lain
lains
laisèns
laisènsed
laisènsen
laisènsenā
laisènsenās
laisènseni
laisènsenis
laisènsiŋ
lait
làit
làitiŋ
làitiŋs
làits
laitweiĥt
laiv
LaivKD
läkk
läkked
läkken
läkkiŋ
LAME
Lamma
lamsīk
Lam Tin
länset
länsets
Laos
Lǎp
larj
larjer
larjest
larj-i
larva
larvas
Lasagnya
last
lastli
Latin
Latinik
Latiniš
lätityud
làtziu
launž
le
Lebanon
LED
left
leiaut
leibol
leibols
leibor
Leiĥtòn
leiout
leit
leitā
leiter
leitest
leiyā
leiyās
lejènd
lejèndari
lème
lemon
lemons
lemp
lemps
lènd
leŋbi
leŋgueij
leŋgueiji
leŋgueijiloji
leŋgueijilojiā
leŋgueijilojiās
leŋgueijol
leŋgueijs
leŋmol
leŋmui
leŋzài
leniçion
leniçions
lenit
les
-lès
lessòn
lessòns
let
let’s
lettā
lettāhēd
lettārs
lettās
levol
levols
levolùp
LF
LFS
LGPL
li
Liáoníŋ
libcaca
libör
liböreiçion
liböreiçionol
liböreiçionolli
liböreiçions
liböreit
liböreited
liböreiten
liböreitiŋ
libörol
libörolwär
libörolwärs
līd
līdā
līdās
līded
līden
lidi
līdiŋ
līdiŋrōl
līdiŋrōlpīpol
lift
liftā
liftās
lifted
liften
liftiŋ
ligol
ligolakt
ligolakts
ligoli
ligolloji
ligollojiā
ligollojiās
ligollojik
ligollojikol
ligollojikolli
ligolnai
līk
līked
līken
līkiŋ
lily
limit
limiteiçion
limiteiçions
limiteit
limiteited
limiteiten
limiteitiŋ
limits
līn
lina
līnàbol
līned
līnen
Liŋdiŋ
liŋk
liŋked
liŋken
liŋkiŋ
liŋks
līniŋ
Linuks
liouqie
liouqies
Lira
līs
līsā
līsās
Lisbi
līsed
līsen
līsī
līsiŋ
list
listed
listen
listiŋ
lists
litèreiçi
litèreiçion
litèreiçions
litèreicö
litèreit
litèreitari
litèreitli
litèreitwörk
litèreitwörks
litsèn
litsèned
litsènen
litsèniŋ
Lituwan
Lituwaniš
Lituwanyui
liv
līv
lived
līved
liven
līven
liviŋ
līviŋ
LLL
log
loged
logen
login
logiŋ
logo
logon
logos
logout
logs
loiyol
loiyolti
loji
löjī
lojik
lojikol
löjīs
lojistiks
lǒk
loki
lǒkmiaowow
lokol
lokolais
lokolaised
lokolaiseiçion
lokolaisen
lokolaisiŋ
lokolaisiŋā
lokolaisiŋās
lokolenī
lǒksui
loŋ
loŋjityud
Lóŋ Piŋ
lörn
lörnā
lörnās
lörned
lörnen
lörniŋ
los
losed
losen
losendè
losiŋ
Los Snow
lottèri
lottèris
Lotùs
löü
loud
loudàbol
louded
louden
loudiŋ
Louka
Loukeicion
loukeiçion
loukeiçions
loukeit
loukeited
loukeiten
loukeitiŋ
low
lower
lowest
low-praioriti
low-praiority
Lowu
LPR
Lubuntu
lǔk
lūk
lūkalàik
Lukas
lūked
lūken
Lǔkgén
lūkiŋ
lūkiŋglas
lūkiŋglases
lūks
lǔksīk
lùm
lùmp
lunar
lùnč
lùnčboks
lùnčbokses
luok
luǒk
luokcàm
luokděi
lūp
Lupe
lūped
lūpen
lūpiŋ
Lutāri
lùv
lùved
lùven
lùviŋ
lyrik
lyriks
M
m̌
m̄
ḿ
Má
Mac
maci
Macintosh
Macromedia
mäcur
mäcured
mäcuren
mäcuriŋ
Mādabā
magàn
mägnetik
mägnityud
maifan
maifanna
maigreiçion
maigreiçions
maigreit
maigreited
maigreiten
maigreitiŋ
màijíu
mainā
maind
mainds
màisön
mait
màiti
maits
mäjik
mäjintasik
mäkenik
mäkenikol
mäkeniks
maksi
maksimais
maksimaised
maksimaisen
maksimaisiŋ
maksimol
maksimùm
maksimùs
Makyedoniya
Makyedoniyaik
Makyedoniyaiš
mal-
Malayiš
Malayšia
Malayšiaik
malform
malformed
malformen
malformiŋ
maliçiùs
mältīs
malwär
mama
mámá
mämmol
mämmols
man
män
mān
Mancóu
Mandarin
mani
Manila
mänipyuleiçion
mänipyuleiçionol
mänipyuleiçionolli
mänipyuleiçions
mänipyuleit
mänipyuleitā
mänipyuleitās
mänipyuleited
mänipyuleiten
mänipyuleitiŋ
männeij
männeijā
männeijās
männeijed
männeijen
männeijiŋ
männeijmènt
manwa
manwagā
mänyuol
mänyuolfäkcör
mänyuolfäkcörā
mänyuolfäkcörās
mänyuolfäkcöred
mänyuolfäkcören
mänyuolfäkcöriŋ
mänyuolli
mänyuols
Maoisùm
máōn
Māori
Māori-iš
Māorik
Māori-pīpol
mäp
mäpàbol
mäped
mäpen
mäpiŋ
mäps
Marakwa
Maraŧon
marjin
marjinol
marjinolaiçion
marjinolaiçionol
marjinolaiçionolli
marjinolaiçions
marjinolais
marjinolaised
marjinolaisen
marjinolaisiŋ
mark
marked
marken
market
marketiŋ
markets
Markham
markiŋ
marko
markoskopik
Markosoft
marks
markùp
Maroubra
märri
märried
märrieij
märrieijs
märrien
märriiŋ
Mars
Mas
mās
màšin
màšins
māskiliŋ
mastèr
mastèrā
mastèrais
mastèrās
mastèrs
Mät
mätč
mätčed
mätčen
mätčiŋ
mätčs
mäŧemätiks
mätiriol
mätiriolais
mätiriolaiseiçion
mätiriols
mätriks
mätrikses
mäŧs
mättār
mättārais
mättārs
maunt
mauntèn
mauntènreinj
mauntèns
mauntiŋ
maus
mauŧ
Mauzài
May
mbingo
MDI
mē
medikeiçion
medikeiçions
medikeit
medikol
medsin
medsinkäpsol
medsinkäpsols
Medsinol
mega
megastā
Mei
Měigòk
Meigōk
Meigōkik
meijā
meijāli
meik
meiked
meiken
meikiŋ
meikùp
meikùps
meil
meiliŋ
meils
mein
meindiš
meindišes
meinli
meinpeij
meinpeijs
meintein
meinteinā
meinteinàns
meinteinās
meinteined
meinteinen
meinteiniŋ
meipol
Méisōu
meit
meits
meiyā
meiyās
melt
melted
melten
meltiŋ
membèr
members
membèrs
memorais
memoraised
memoraisen
memoraisiŋ
memori
memorikard
memorikards
memoriol
Měŋgǔ
menyu
menyus
meorcya
Meridell
mešen
Mešihko
Mešihkoik
Mesopotamia
Mesopotamiaik
messeij
messeijā
messeijās
messeijiŋ
messeijs
meta
metadeitā
metafail
metafails
metafayl
metafayls
Metafisiks
metafisiksā
metakär
metakärs
metastatsis
meteoroloji
meteorolojiā
meŧod
meŧodoloji
meŧods
metol
metolik
metrik
metrikol
metriks
metro
metropol
metropolitàn
Mevigeitā
mi
mǐ-
miao
mǐ-bau
mic
Microsoft
middei
middol
middoleij
middolfiŋgà
middolfiŋgàs
middol-skūl
middol-skūls
middolwär
middolwärs
midè
miděi
midia
mǐ-difain
mǐ-difainen
mie
mǐ-filtèr
mǐ-filtèren
miga
Migùm
mǐ-ji
mǐ-klos
mǐ-klosen
mikroblog
mikroblogiŋ
mikrodiliçion
mikrodiliçions
mikrodilit
mikroformät
Mikrokĥimeraisùm
mikrokompyutā
mikrokompyutās
mikroprosesā
mikroprosesās
mikrosilekçion
mikrosilekçions
mikrosilekt
mikroskop
mikroskopik
mikroskopikol
mikroskops
miks
miksā
miksās
mikscö
miksed
miksen
miksiŋ
mǐ-kūk
mǐ-kūken
mīl
milai
mǐ-limit
mǐ-limited
mǐ-limiten
mǐ-limitiŋ
mǐ-liŋk
mǐ-liŋken
militari
milk
mīls
mǐ-mätč
mǐ-mätčen
mimik
mimikiŋ
mimosa
mīn
minĉui
mindo
mǐ-neim
mǐ-neimen
minèrol
minfai
minfài
mini
minibàsi
minibāsi
minibāsí
minibāsís
minimais
minimaised
minimaisen
minimaisiŋ
minimol
minimùm
minimùs
mīniŋ
ministri
ministriā
ministriās
minivän
minoriti
minsen
minùt
minùts
mǐ-peiy
mǐ-peiyen
mirai
mǐ-riför
mǐ-rifören
mǐ-riförènsen
Miro
mirror
mis
mis-
mised
misen
mǐset
mǐ-set
mǐ-silekt
mǐ-silekten
misiŋ
miskonfig
miskonfigyur
miskonfigyured
miskonfigyureiçion
miskonfigyureiçions
miskonfigyuren
miskonfigyuriŋ
misselliniùs
mission
missionari
missionaris
missions
mǐ-steibol
misteik
misteiked
misteiken
misteikiŋ
miswagari
miswagaru
mitā
mǐ-taitolen
mitās
mǐ-transleit
mǐ-transleited
mǐ-transleiten
mǐ-transleitiŋ
miwa
mǐ-wagari
mǐ-wagaru
mǐ-yu
mǐ-yus
mǐ-yusen
mǐ-ziu
mó
moa
moađän
mobil
mobildenwa
modèl
modèled
modèlen
modèliŋ
modèls
modèn
modènais
modifai
modifaied
modifaien
modifaiiŋ
modifaik
modifaikeiçion
modifaikeiçions
modol
modols
moe
mojul
mojulais
mojulaiseiçion
mojulār
mojuleiçion
mojuleiçions
mojuleit
mojuls
momènt
mómó
Mongolia
monī
monitor
monitored
monitoren
monitoriŋ
monitors
monkī
mono
monoĥrom
monoĥromik
monosyllàbol
monoton
monotonik
monŧ
monŧli
monŧneim
monŧs
Moodle
mordèn
mordènais
mōrei
mörj
mörjā
mörjās
mörjed
mörjen
mörjiŋ
morol
mosaik
moskĥ
moskĥs
Moskva
Moskvaik
most
mostli
motiveiçion
motiveiçions
motiveit
motiveited
motiveiten
moud
mouds
moumou
Mozilla
MP3
.mp3
MP4
.mp4
MPEG
.mpeg
.mpg
MPRIS
MTR
mu
mùč
mùg
mùgs
muhuŋ
mui
muicoi
muizi
muizicóu
mǔk
Mǔkdei
mǔkdik
mǔkgua
mùks
mǔktàu
mǔktàucya
mùlti
mùltileŋgueij
mùltileŋgueijol
mùltimedia
mùltimidia
mùltinaçion
mùltinaçionol
mùltiparti
mùltipartis
mùltiplai
mùltiplaik
multiplaikeiçion
mùltiplaikeiçion
mùltiplaikeiçions
mùltipleks
mùltipleksed
mùltipleksen
mùltipleksiŋ
mùltipol
mūn
mùnč
mùnčed
mùnčen
mùnčiŋ
Mūndei
muniçipol
muniçipoliti
mùnni
musik
musika
musikol
musiks
Muslim
Muslims
mùšrūm
mùšrūms
Mušupork
mūv
mūvàbol
mūved
mūven
mūvi
mūviŋ
mūvis
mūvmènt
muzài
mwu
mwugāhógwài
mwugala
mwugga
mwuha
mwuji
mwuka
mwula
mwulā
mwuli
mwulisula
mwuliyöŋye
mwuniyöŋye
mwuryou
mwusöŋ
mwutàu
mwuye
mwuyǔk
mwuzo
mwuzoru
mwuzowo
Myanmaà
Myanmaàik
Myanmaàiš
mye
myea
myeni
myenigga
MySQL
mystèrais
mystèraised
mystèraisen
mystèraisiŋ
mystèri
mystèrik
mystèris
mystèry
myul
myusiùm
myusiùms
N
n̄
ń
ǹ
ň
na
naçion
naçionol
naçionolais
naçionolaiseiçion
naçions
nada
nadani
nai
Naicya
nainai
nainaiji
nàit
náiyàu
nam
nambu
Namĉoŋ
Namĉöŋ
Namfuŋ
Namgik
namgua
Namsan
namsīk
Namtaileŋ
Namucya
namzài
nanasui
Nánjīŋ
närrowbänd
nau
nävigeiçion
nävigeiçions
nävigeit
nävigeited
nävigeiten
nävigeitiŋ
Nederlènd
Nederlèndik
Nederlèndiš
negat
negativ
negativiti
negg
neggs
nei
néi
neicör
neicörol
neidè
néiděi
neidi
neigè
neim
neimai
neimaizo
neimaizoru
neimen
neimiŋ
neims
neimspeis
neina
nèist
neitiv
NeoMaits
Neopets
Neopia
Neopian
-nès
nest
nesten
net
netbol
netbols
netiā
netiās
netik
netizen
netizens
nets
netwörk
netwörkfiltèrā
netwörkiŋ
netwörks
Ŋ
ŋ̌
ŋ̄
ŋ̀
ŋ́
ŋǎktàu
ŋán
ŋān
Ŋ́ān
ŋǎŋ-i
ŋàu
ŋàuàu
ŋàuàued
ŋàuàuen
ŋàuàuiŋ
ŋàuàuzo
ŋàuàuzoru
ŋàuklef
ŋàuyàu
ŋàuyuk
ŋ-dùk
ŋhoisùm
ŋ́höŋ
Ŋīan
ŋ-jidou
ŋo
ŋó
ŋö́
ŋóděi
ŋodi
ŋodidè
ŋoimai
ŋoisiŋ
ŋoitaihūŋ
ŋon
ŋona
Ŋoŋ Piŋ
ŋšīfǔk
ŋ-šīfǔk
ŋsyur
ŋūk
ŋūkkei
ni
Niagara
nibún
nīd
nīded
nīden
nidi
nido
nidogè
nīdol
nīdols
nīds
nie
Nigaragwa
nigè
nigga
nigouçieiçion
nigouçieiçions
nigouçieit
nigouçieited
nigouçieiten
nigouçieitiŋ
nihilisùm
nihilisùmā
nihilisùmāik
nihilisùmāikol
nihilisùmāikolli
nihilisùmās
nin
nina
Nincō
nincoi
nindoi
nindou
ninfùn
Níŋxià
Nippon
Nipponik
Nipponiš
nīr
nīrli
nīs
niu
niuer
niuest
niuklīr
niuli
niupin
niusgrūp
niusgrūps
NiuZīländ
niwa
-niwa
niwai
niwái
niwatori
nizěk
NLP
NMB
nogcya
Noĥči
nois
noises
Nokia
non
Nonhyòn
Norlènd
Norlèndiš
normol
normolli
nörs
nörsā
nörsās
nörsiŋ
norŧ
not
noteiçion
nōtī
nōtīpig
nōtīpigs
nou
noued
nouen
nouiŋ
nout
nouted
nouten
noutifai
noutifaied
noutifaien
noutifaiiŋ
noutifaik
noutifaikeiçion
noutifaikeiçions
noutiŋ
noutis
noutisàbol
noutisbōd
noutisbōds
noutises
nouts
noutses
nova
novadirekçion
novadirekçionol
novadirekçions
novadirekt
novadirekted
novadirekten
novadirektiŋ
novaleŋgueij
novaleŋgueijol
novèl
Novell
novèls
NP
nūdol
nugu
núi
núizài
Nùm
nùmbār
nùmbārik
nùmbāriŋ
nùmbèr
nùmbèrik
nùmbèroloji
nùmbèrolojiā
nùmbèrolojiās
Nunhyòn
Nusaantara
nyuro
nyutriçion
nyutriçionol
O
ó
ò
ǒ
ö
ȫ
ö̌
ö́
ō
oari
oaru
objekt
objektiv
objektivs
objekts
obsolet
obsoleted
obsoleten
obsörv
obsörved
obsörveiçion
obsörveiçions
obsörven
obsörviŋ
obtein
obteined
obteinen
obteiniŋ
obvös
òđà
òđàs
òdiçion
òdiçions
òdièns
òdiènses
òdio
òdiobūk
òdiobūks
òdioloji
òdit
òditā
òditās
òdited
òditen
òditiŋ
odittreil
òdittreil
off
offār
offāred
offāren
offāriŋ
offis
offises
offisol
offisolli
offisols
offlain
oftèn
oil
oili
ointmènt
ointmènts
oka
òkçion
òkçions
okkeiçion
okkeiçionol
okkeiçionolli
okkör
okköred
okkören
okkörèns
okköriŋ
okkyupeiçion
okkyupeiçionol
okkyupeiçions
okkyupeit
okkyupeited
okkyupeiten
okkyupeitiŋ
Oksfōd
okta
oktadirekçion
oktadirekçionol
oktadirekçions
oktadirekt
oktadirekted
oktadirekten
oktadirektiŋ
oktaleŋgueij
oktaleŋgueijol
ol
oliv
olmàiti
olmost
oltā
oltöneit
oltöneitiv
oltöneitivli
oltöneitivs
olweis
olympia
Olympik
omit
omlet
on
Ōn
onlain
onli
onòr
onòràbol
onòrari
onòrbōd
onòrbōds
onòrs
Onsu
Ontario
ontu
opçion
opçionol
opçions
opèn
opèned
opènen
opèniŋ
OpenOffice
OpenOffice.org
OpenSSH
OpenX
opera
opèreiçion
opèreiçionol
opèreiçions
opèreit
opèreitā
opèreitās
opèreited
opèreiten
opèreitiŋ
opinion
opinions
opponènt
opportuniti
opportunitis
optikofaibèr
optimais
optimaisā
optimaisās
optimaised
optimaiseiçion
optimaisen
optimaisiŋ
optimol
optimùm
or
ör
ōr
òra
öra
örakoud
örakouds
oränj
oränjs
öras
örbàn
orbit
orbited
orbiten
orbitiŋ
orbitol
orbits
ordèr
ordèriŋ
ordinari
ordinaridè
öre
oregano
öres
òrgan
orgàn
orgànais
orgànaisā
orgànaisās
orgànaised
orgànaiseiçion
orgànaiseiçionol
orgànaiseiçions
orgànaisen
orgànaisiŋ
orgànik
orgänik
orgànisùm
orgànisùmā
orgànisùmās
orgànisùmik
orgànisùms
òrgans
orienteiçion
orienteiçions
orienteit
orienteited
orienteiten
orienteitiŋ
orijin
orijineiçion
orijineiçionol
orijineiçionolli
orijineiçions
orijineit
orijineited
orijineiten
orijineitiŋ
orijinol
orijinol-dè
orijinolli
orijins
örik
örikzo
örikzoru
ōrmain
ōrmained
ōrmainen
ōrmainiŋ
örs
OS
osmanŧùs
osmanŧùspork
osou
Osterreiĥ
Osterreiĥik
Ostreilia
Ostreiliaik
òŧā
òŧār
òŧārais
òŧāraised
òŧāraisen
òŧāraisiŋ
òŧārs
òŧās
òŧentikeiçion
òŧentikeiçions
òŧentikeit
òŧentikeited
òŧentikeiten
òŧentikeitiŋ
òtoditekçion
òtoditekçions
òtoditekt
òtoditekted
òtoditekten
òtoditektiŋ
òtofill
òtofilled
òtofillen
òtofilliŋ
ÒtoLiŋk
ÒtoLiŋks
òtomeiçion
òtomeiçions
òtomeit
òtomeited
òtomeiten
òtomeitik
òtomeitikol
òtomeitikolli
òtomeitiŋ
òtoseiv
òtoseiven
òtostart
Ottoman
ould
oulder
ouldest
Oumun
ousèn
Ousènia
ousèns
out
outàbol
outadvanteij
outadvanteijs
outagrī
outagrīed
outagrīen
outagrīiŋ
outagrīmènt
outaktiveit
outaktiveited
outaktiveiten
outaktiveitiŋ
outappīr
outappīred
outappīren
outappīriŋ
outapprūv
outapprūved
outapprūven
outapprūviŋ
outapprūvol
outdor
outkard
outkaunt
outkaunted
outkaunten
outkauntiŋ
outkaunts
outklämen
outkonstrùkçion
outkontinyu
outkontinyued
outkontinyuen
outkòvèr
outkòvèred
outkòvèren
outkòvèriŋ
outlàik
outlàiked
outlàiken
outlàikiŋ
outlain
outluk
outmis
outmised
outmisen
outmisiŋ
outordèr
outplei
outpleied
outpleien
outpleiiŋ
outpleis
output
outpùt
outputed
outpùted
outputen
outpùten
outputiŋ
outpùtiŋ
outsaid
outsaidā
outsaidās
outset
outsolv
outsolved
outsolven
outsolviŋ
outtil
Ouzàu
Ouzàugöt
ovèr
ovèrdress
ovèrfast
ovèrfaster
ovèrfastest
ovèrflow
ovèrflowed
ovèrflowen
ovèrflowiŋ
ovèrforkast
ovèrforkasted
ovèrforkasten
ovèrforkastiŋ
ovèrhēd
ovèrkom
ovèrkomed
ovèrkomen
ovèrkomiŋ
ovèrloudiŋ
ovèrol
ovèrraid
ovèrraided
ovèrraiden
ovèrraidiŋ
ovèrsaiz
ovèrsī
ovèrsīed
ovèrsīen
ovèrsīiŋ
ovèrvyu
ovèrvyued
ovèrvyuen
ovèrvyuiŋ
ovèrwrait
ovèrwraitā
ovèrwraitās
ovèrwraited
ovèrwraiten
ovèrwraitiŋ
ow
owari
owed
owen
owiŋ
own
owned
ownen
owniŋ
OY
oystèr
oystèrs
O’ẑoun
P
päč
päčes
päd
pädiŋ
pädiŋs
pädlokk
pädlokks
päds
Paggā
pái
pàidàu
pain
päin
päinfol
painnīdol
pains
Painšǐ
paint
paionīr
paionīriŋ
paionīrs
pàip
pàipiŋ
pàiplain
pàiplains
pàips
pǎk
päk
päkeij
päkeijed
päkeijen
päkeijiŋ
päkeijs
päket
päkets
Paki
pǎkru
pǎksàu
pǎktàu
pǎktouzài
pǎkzo
pǎkzoru
Palestin
pän
panc
Pangyo
pänkeik
pänol
päns
pant
papa
par
pär
paragraf
paragrafs
Paragwai
parakīt
parakīts
paramitā
paramitās
parçiol
pardei
pärènt
pärèntiŋ
pärènts
Paris
park
parks
Pārman
parrot
parrots
pars
parsā
parsàbol
parsās
parsed
parsen
parsiŋ
part
parteiçion
parteiçionen
parteiçioniŋ
parteiçions
parti
partikols
partikyular
partikyularli
partimage
partis
partnèr
partnèrs
parts
pas
pased
paseij
paseijā
pasen
Pasifik
Pasifikā
Pasifikās
pasiŋ
pasport
pasports
past
pasta
pastas
pasŧru
paswörd
paswörds
paŧ
PATA
paŧes
patio
paŧs
pättèrn
pättèrns
paŧwei
Paulos
pàus
pàused
pàusen
pàusiŋ
pawā
pawdā
pàwdèr
pàwdèriŋ
PayPal
PDA
PDF
pdumpfs
pebbol
pebbols
pedestriàn
pei
peifū
peij
peijdawn
peijineiçion
peijineiçions
peijineit
peijineited
peijineiten
peijineitiŋ
peijs
peijùp
peipā
peist
peisted
peisten
peistiŋ
peiy
peiyā
peiyās
peiyī
peiymènt
peiymènts
pekk
pekked
pekken
pekkiŋ
pen
pend
pendiŋ
penetreiçion
penetreiçions
penetreit
penetreited
penetreiten
penetreitiŋ
penguin
penguins
pens
pensòl
penta
pentadirekçion
pentadirekçionol
pentadirekçions
pentadirekt
pentadirekted
pentadirekten
pentadirektiŋ
pentaleŋgueij
pentaleŋgueijol
peppèr
peppèrs
peptide
Perl
Peru
Pest
pet
petdräk
petdräks
petpet
petpetpet
petpetpets
petpets
pets
pfat
PgDn
PgUp
php
phpBB
phpMyAdmin
PHPNuke
pīč
pīčes
Pīčyard
pidán
pier
piers
.pif
pig
pigs
pīk
pikcö
pikcös
pīked
pikel
pikels
pīken
pīkiŋ
pikkapika
pikkapikana
piknik
pil
Pilipinas
pillar
pillars
pin
PING
Piŋk
piŋnin
Piŋ Ŝek
pins
pīp
pīped
pīpen
pīpiŋ
pīpol
pīpoldè
pīpols
pīr
pīrgrūp
pīrgrūps
pirīd
pirīds
pita
pitabrēd
pizza
pizzas
pläin
plän
pläned
plänen
plänèt
plänèts
pläniŋ
pläns
plānt
plāntàbol
plāntik
plāntiŋ
plānts
plasma
plastik
plätform
plätforms
Playfish
Plaza
plei
pleiā
pleiās
pleibäk
pleied
pleieiçion
pleieiçions
pleien
pleigraund
pleigraunds
pleiiŋ
pleikyu
pleilist
pleilists
pleis
pleises
pleisneim
pletform
pletforms
plīs
plòt
plòts
plùg
plùgin
plùg-in
plùgins
plùg-ins
plùs
PNG
.png
pō
pöçionkät
podkast
podkasted
podkasten
podkastiŋ
podkastiŋĩ
podkastiŋĩs
podkasts
Poedit
poem
poems
poet
poetik
poetwörk
poetwörks
pohai
point
pointed
pointen
points
poisòn
poisònfīd
poisònfīded
poisònfīden
poisònfīdiŋ
poisòniŋ
poisònùs
poket
pokets
Pokfīld
Pol
Polènd
Polèndiš
poliçi
poliçis
polis
polisoffisā
polisoffisās
polissteiçion
polissteiçions
politikā
politikol
politikosencrolisùm
politikosencrolisùmā
politikosencrolisùmās
politikosencrolisùmik
politiks
polluçion
polluçions
pollut
poly
polynomiol
polynomiols
pomegranate
pop
popdawn
Popkùlčör
popmusik
popmusika
popùp
popyular
popyulariti
popyuleiçion
popyuleiçions
popyuleit
popyuleited
popyuleiten
popyuleitiŋ
pörčeiçion
pörčeiçions
pörčeis
pörčeisā
pörčeisās
pörčeised
pörčeisen
pörčeisiŋ
porçion
pörform
pörformàns
pörformed
pörformeiçion
pörformeiçions
pörformen
pörformèns
pörformènt
pörformènts
pörformiŋ
pörj
pörjen
pörjiŋ
pork
Pörl
pörmiçion
pörmiçions
pörmit
pörmited
pörmiten
pörmitiŋ
Pörol
pörpol
pörpòs
pörpòses
pörsònol
pörspekt
pörspektiv
pörspektivli
pörspektivs
pörspekts
pörswei
pörsweied
pörsweien
pörsweiiŋ
port
portàbol
ported
porten
portfolio
portiŋ
portol
ports
Portugues
Portuguesik
Portuguesiš
posiçion
posiçions
positiv
pöspekt
pöspektiv
pöspektivli
pöspektivs
possibiliti
possibol
possibolli
post
postā
postās
postdisaiçion
postdisaiçions
postdisaid
postdisaided
postdisaiden
postdisaidiŋ
postdiskripçion
postdiskripçions
postdiskript
postdiskripted
postdiskripten
postdiskriptiŋ
postdiskripts
postdiskùçion
postdiskùçions
postdiskùs
postdiskùsed
postdiskùsen
postdiskùses
postdiskùsiŋ
postditömin
postditömined
postditömineiçion
postditömineiçions
postditöminen
postditöminènt
postditöminiŋ
postdivelop
postdiveloped
postdivelopen
postdivelopiŋ
postdivelopmènt
posted
postempt
postempted
postempten
postemptiŋ
posten
postiŋ
postkonfig
postkonfigyur
postkonfigyured
postkonfigyureiçion
postkonfigyureiçions
postkonfigyuren
postkonfigyuriŋ
postkoud
posts
Postskript
pot
potato
potatos
potençiol
potent
pots
Pougōŋ
Póugūŋyīŋ
Poutoi
power
PowerPoint
praimari
praimariā
praimariās
praimari-skūl
praior
praioriti
praioritis
praiority
praioritys
prais
pràis
praiveiçi
praiveit
praiz
praizen
praizes
präktis
präktised
präktisen
präktisiŋ
präy
präyā
präyās
präyed
präyen
präyiŋ
prei
preied
preien
preiiŋ
preis
preised
preisen
preisiŋ
pres
presed
presen
presidènçi
presidènt
presidèntol
presidènts
presiŋ
press
pressed
pressen
pressiŋ
priaveilàbol
priaveilàboliti
pridikçion
pridikçions
pridikt
pridikted
pridikten
pridiktiŋ
pridisaiçion
pridisaiçions
pridisaid
pridisaided
pridisaiden
pridisaidiŋ
pridiskripçion
pridiskripçions
pridiskript
pridiskripted
pridiskripten
pridiskriptiŋ
pridiskripts
pridiskùçion
pridiskùçions
pridiskùs
pridiskùsed
pridiskùsen
pridiskùses
pridiskùsiŋ
priditömin
priditömined
priditömineiçion
priditömineiçions
priditöminen
priditöminènt
priditöminiŋ
pridivelop
pridiveloped
pridivelopen
pridivelopiŋ
pridivelopmènt
priempçion
priempçions
priempt
priempted
priempten
priemptiŋ
prifeis
prifiks
prifikses
pri-filtèriŋ
priför
priföred
prifören
priförèns
priförènses
priföriŋ
prihistòri
prihistòrik
prihistòrikol
prikonfig
prikonfigyur
prikonfigyured
prikonfigyureiçion
prikonfigyureiçions
prikonfigyuren
prikonfigyuriŋ
priliminari
priloud
prinçes
prinçeses
prinçi
prinçipols
prinçis
print
printā
printās
printed
printen
printiŋ
printjobs
printout
prior
pripäk
pripäked
pripäken
pripäkiŋ
pripär
pripäred
pripäreiçion
pripäreiçions
pripären
pripäriŋ
pripend
pripended
pripenden
pripendiŋ
pririkwesçion
pririkwesçionol
pririkwesçionolli
pririkwesçions
pririkwest
pririkwested
pririkwesten
pririkwestiŋ
prisais
prisaision
prisent
prisented
prisenteiçion
prisenteiçions
prisenten
prisentiŋ
priskràipçion
priskràipçions
priskràipt
priskràipted
priskràipten
priskràiptiŋ
priskràipts
prisörv
prisörved
prisörveiçion
prisörveiçions
prisörven
prisörviŋ
priv
privdè
privdei
privileij
privileijed
privileijen
privileijs
priviùs
priviùsli
privnin
privyu
privyued
privyuen
privyuiŋ
probàbol
probàbolistik
probàboliti
probàbolli
problèm
problèms
prodùkçion
prodùkçions
prodùkt
prodùktiv
prodùktivti
prodùkts
prodyus
prodyusā
prodyusās
prodyused
prodyusen
prodyusiŋ
Prof
profayl
profayls
profess
professā
professās
profession
professionol
profiçiençi
profiçient
profit
profitàbol
profitàboliti
profited
profiten
profitiŋ
profitlès
profitnès
progrem
progremā
progremās
progremed
progremen
progremfiks
progremfikses
progremiŋ
progremkoud
progrems
prǒgres
prōgres
prōgreses
prǒgresiv
prǒjekçion
prǒjekçions
prǒjekt
prōjekt
prǒjektā
prǒjektail
prǒjektails
prǒjektās
prǒjekted
prǒjekten
prǒjektiŋ
prǒjektiv
prōjekts
prokläm
proklämed
proklämeiçion
proklämeiçions
proklämen
proklämeniŋ
proksi
prokür
proküred
proküren
proküriŋ
prokürmènt
promis
promised
promisen
promisiŋ
promoçion
promoçionol
promoçions
promot
promotā
promotās
promoted
promoten
promotiŋ
prompt
pronaun
pronauns
pronaunseiçion
pronaunseiçions
pronaunseit
propèr
propèrli
propèrti
propèrtis
propos
proposed
proposen
proposiŋ
proposol
proposols
propraietari
proses
prosesā
prosesās
proseses
prosesiŋ
prosesiŋstep
prosesiŋsteps
prosijör
prosijörs
prospekt
prospèr
prospèrùs
protekçion
protekçions
protekt
protekted
protekten
protektiŋ
protektiv
protokol
protokols
proton
protons
protruçion
protruçions
protrud
protrudàbol
protruded
protruden
protrudènt
protrudiŋ
provaid
provaidā
provaidās
provaided
provaiden
provaidiŋ
providènt
provinçi
provinçis
Provörb
provyçion
PS
psaikailoji
psaikailojiā
psaikailojiās
psaikailojik
psaikailojikol
psaikailojikolli
psaikailtik
psaiko
psaikoanalaisā
psaikoloji
psaikolojiā
psaikolojiās
psaikolojik
psaikolojikol
psaikolojikolli
psaikoltik
psaikometrik
psaikometriks
psalm
psalms
pùblik
pùblikeiçion
pùblikeiçions
pùblikli
pùblikol
pùblikolli
pùbliš
pùblišā
pùblišās
pùblišed
pùblišen
pùblišiŋ
Pudica
pul
pūl
puled
pulen
puliŋ
pūls
pùmp
pùmped
pùmpen
pùmpiŋ
pùnč
pùnčā
pùnčās
pùnčed
pùnčen
pùnčiŋ
pùnkcueiçion
pùnkcueiçions
pùnkcueit
puš
pušed
pušen
pušiŋ
put
putā
putās
puted
puten
putiŋ
Pǔtōŋhuà
pùzzol
PùzzolBī
pùzzols
pyiao
pyiaozo
pyiaozoru
Python
pyú
pyur
pyúzo
Q
qeŋ
qeŋroba
qeŋsīk
Qeŋ Yi
qiaqia
qilin
qín
Qiŋdǎo
qiŋgàu
Qīŋhǎi
qiŋlöŋna
qiŋnik
Qt
QuickTime
R
ř
Rabbit
radio
rädiš
raid
raidā
raidās
raided
raiden
raidiŋ
raip
raiped
raipen
raipiŋ
rais
raised
raisen
raisiŋ
rait
raitā
raitās
raited
raiten
raitiŋ
raits
rändom
rändomais
rändomaised
rändomaiseiçion
rändomaiseiçions
rändomaisen
rändomaisiŋ
rändomli
räŋk
räŋked
räŋken
räŋkiŋ
räŋkiŋs
Ransaurùs
Ransaurùses
räpid
räpidli
.rar
rär
räriti
Raspberi
reçipes
red
Redbelt
redi
regyular
reiçio
reil
reilwei
reilweis
reinbow
reinj
reinjā
reinjās
reis
reises
reit
reited
reiten
reitiŋ
rejekt
rejekted
rejekten
rejektiŋ
rejistèr
rejistèreiçion
rejistèreiçions
rejistèren
rejistèriŋ
rejistèry
rekommençion
rekommençionol
rekommençionolli
rekommençions
rekommend
rekommended
rekommendeiçions
rekommenden
rekommendiŋ
rekonaiçion
rekonaiçionol
rekonaiçionolli
rekonaiçions
rekonais
rekonaised
rekonaisen
rekonaisiŋ
relativ
relativli
relativs
rendèr
rendèred
rendèren
rendèriŋ
řenřuk
rent
reptillioritùs
residènçiol
residènt
residèntol
residènts
reskyuiŋ
rest
restoront
restoronts
revoluçion
revoluçionari
revoluçions
revolut
revoluted
revoluten
revolutiŋ
RGBA
Rĥondevu
Rhythmbox
rhyŧùm
rī-
rial
rialiti
ribel
ribeleiçion
ribeleiçions
ribeleit
ribeleited
ribeleiten
ribeleitiŋ
rībiuld
rībiulded
rībiulden
rībiuldiŋ
rībūten
rič
rīč
rīd
rīdà
rīdā
rīdairekçion
rīdàs
rīdās
rīded
rīden
rīdiŋ
rīdirekçion
rīdirekçions
rīdirekt
rīdirektā
rīdirektās
rīdirekted
rīdirekten
rīdirektiŋ
rīdirektli
rīdiskòvār
rīdiskòvāred
rīdiskòvāren
rīdiskòvāri
rīdiskòvāriŋ
rīdiskòvèr
rīdiskòvèred
rīdiskòvèren
rīdiskòvèri
rīdiskòvèriŋ
ridùndànt
rīdùplikeitiŋ
ridyus
ridyused
ridyusen
ridyusiŋ
riflekçion
riflekçions
riflekt
riflekted
riflekten
riflektiŋ
riflektiv
riför
riföred
rifören
riförèns
riförènsed
riförènsen
riförènses
riföriŋ
rīform
rīformed
rīformeiçion
rīformeiçions
rīformen
rīformiŋ
rifrakçion
rifrakçions
rifrakt
rifrakted
rifrakten
rifraktiŋ
rīfreš
rifyus
rifyused
rifyusen
rifyusiŋ
rijekçion
rijekçions
rijekt
rijekted
rijekten
rijektiŋ
rijektiŋli
rijektiŋs
rījenereiçion
rījenereiçions
rījenereit
rījenereited
rījenereiten
rījenereitiŋ
rijion
rijionol
rijions
rīkalkyuleit
rīkalkyuleited
rīkalkyuleiten
rīkalkyuleitiŋ
rīkläm
rīklämed
rīklämen
rīklämiŋ
rīkōd
rīkōdā
rīkōdās
rīkōded
rīkōden
rīkōdenī
rīkōdiŋ
rīkompail
rīkompailed
rīkompaileiçion
rīkompaileiçions
rīkompailen
rīkompailiŋ
rīkonfigyur
rīkonfigyureiçion
rīkonfigyureiçions
rīkonnekçion
rīkonnekçions
rīkonnekt
rīkonnekted
rīkonnekten
rīkonnektiŋ
rīkonsil
rīkonsiled
rīkonsilen
rīkonsiliŋ
rīkord
rīkordā
rīkordās
rīkorded
rīkorden
rīkordenī
rīkordiŋ
rīkörs
rīkörsed
rīkörsen
rīkörsiŋ
rīkörsiv
rīkörsivli
rīkoud
rīkoudā
rīkoudās
rīkouded
rīkouden
rīkoudenī
rīkoudiŋ
rīkòvèr
rīkòvèred
rīkòvèren
rīkòvèriŋ
riktrutiŋ
rīkwair
rīkwaired
rīkwairen
rīkwairiŋ
rīkwairmènt
rīkwairmènts
rīkwest
rīkwested
rīkwesten
rīkwestiŋ
rīkwests
rīlai
rīlaiàbol
rīlaied
rīlaien
rīlaiiŋ
rīleiçion
rīleiçionol
rīleiçions
rīleiçionšip
rīleiçionšips
rīleit
rīleited
rīleiten
rīleitiŋ
rīlif
rīlifiŋ
rilijion
rilijions
rilijionùs
rīlīs
rīlīsed
rīlīsen
rīlīsiŋ
rīloud
rīlouded
rīlouden
rīloudiŋ
rīmaind
rīmaindā
rīmaindās
rīmainded
rīmainden
rīmaindiŋ
rīmein
rīmeined
rīmeinen
rīmeiniŋ
rīmembèr
rīmembèred
rīmembèren
rīmembèriŋ
rīmot
rīmotli
rīmūv
rīmūved
rīmūven
rīmūviŋ
rīmūvol
rīneim
rīneimed
rīneimen
rīneimiŋ
riŋ
riolais
riolaised
riolaiseiçion
riolaisen
riolaisiŋ
rīopèn
rīopèned
rīopènen
rīopèniŋ
rip
rīpär
rīpäred
rīpären
rīpäriŋ
ripiŋ
rīpīt
rīpīted
rīpīteiçion
rīpīten
rīpītiŋ
riplai
rīplai
riplaied
rīplaied
riplaien
rīplaien
riplai-iŋ
rīplaiiŋ
rīplei
rīpleied
rīpleien
rīpleiiŋ
rīpleis
rīpleised
rīpleisen
rīpleisiŋ
rīpleismènt
rīport
rīportā
rīportās
rīported
rīporten
rīportiŋ
rīports
rīpositori
rīpositoris
rīprisent
rīprisented
rīprisenteiçion
rīprisenten
rīprisentiŋ
rīprodùkçion
rīprodyus
rīprodyusā
rīprodyusàbol
rīprodyusās
rīprodyused
rīprodyusen
rīprodyusiŋ
rīpùblik
rīpùbliks
risaid
risaided
risaiden
risaidiŋ
risaidol
rīsàit
rīsàited
rīsàiten
rīsàitiŋ
rīsaiz
rīsaizàbol
rīsaized
rīsaizen
rīsaiziŋ
risàut
risàuts
rīsend
rīsended
rīsenden
rīsendiŋ
rīset
rīseted
rīseten
rīsetiŋ
rīsilekt
rīsilekted
rīsilekten
rīsilektiŋ
risist
risistàns
risisted
risisten
risistiŋ
risīv
risīvā
risīvās
risīved
risīven
risīvenā
risīvenās
risīviŋ
risīviŋī
rīsöč
rīsökoleiçion
rīsökoleiçions
rīsökoleit
rīsökoleitàbol
rīsökoleited
rīsökoleiten
rīsökoleitiŋ
rīsoluçion
rīsolv
rīsolvā
rīsolvās
rīsolved
rīsolveiçion
rīsolveiçions
rīsolven
rīsolviŋ
risòn
risònàbol
risòns
rīsōrs
rīsōrses
rīsörv
rīsörved
rīsörveiçion
rīsörveiçions
rīsörven
rīsörviŋ
rīspekt
rīspekted
rīspekten
rīspektiŋ
rīspektiv
rīspektivli
rīspond
rīsponded
rīsponden
rīspondiŋ
rīspons
rīsponsàbol
rīsponsàboliti
rīsponses
rīstart
rīstarted
rīstarten
rīstartiŋ
rīstor
rīstored
rīstoreiçion
rīstoreiçions
rīstoren
rīstoriŋ
ristrikçion
ristrikçions
ristrikiŋ
ristrikt
ristrikted
ristrikten
risùlt
risùlted
risùlten
risùltiŋ
Rita
rītaip
rītein
rīteined
rīteinen
rīteiniŋ
rītörn
rītörned
rītörnen
rītörniŋ
rītrai
rītraied
rītraien
rītrai-iŋ
ritrīv
ritrīved
ritrīven
ritrīviŋ
ritrīvol
rīùploud
rīùplouded
rīùplouden
rīùploudiŋ
rīùploudiŋs
rīùpteik
rivā
rivaiçion
rivaiçions
rivais
rivaised
rivaisen
rivaisiŋ
rīvaiv
rīvaived
rīvaiven
rīvaiviŋ
rīvaivol
rivās
rīvīl
rīvolv
rīvolved
rīvolveiçion
rīvolveiçionol
rīvolveiçionolli
rīvolveiçions
rīvolven
rīvolviŋ
rīvörçion
rīvörçionol
rīvörçions
rīvörs
rīvört
rīvörted
rīvörten
rīvörtiŋ
rīvyçion
rīvyçions
rīvyu
rīvyued
rīvyuen
rīvyuiŋ
rīword
rīworded
rīworden
rīwordiŋ
rīwords
rīwrait
roàm
roàmed
roàmen
roàmiŋ
roba
robùst
roiyol
roiyolti
rokk
rokki
rokks
rol
roled
rolen
roliŋ
Roma
Romaji
Roman
řoŋam
Rossiya
Rossiyaiš
rot
roteiçion
roteiçionol
roteiçions
roteit
roteited
roteitiŋ
roten
Roubo
Roubos
roud
roudmäp
roudmäps
rouds
roudwei
roul
roulplei
rouls
rous
rouses
roust
rousted
rousten
roustiŋ
rousü
row
rowiŋ
rows
RPM
RR
rùb
rùbbiš
rùbed
rùben
rùbiŋ
rùgby
rùgbybol
rùgbybols
rǔi
řuk
rul
rūl
rūlā
rūlās
ruled
rulen
ruliŋ
ruliŋā
ruliŋās
rūls
rūm
Ruma
Rumania
Rumaniaiš
rūmmeit
rūmmeits
rūms
Rùmsī
rùn
rùned
rùnen
rùniŋ
rùntaim
rūt
rūtā
rūtās
rūtin
rūtiŋ
rūtins
rūtmäp
rūtplānt
rūtplānts
rūts
Ryori
Ryūkyū
Ryūkyū-iš
Ryūkyūk
S
Ŝ
š
ŝa
säbyòk
ŝadün
Sahara
Ŝaĥmet
sài
sàibàk
sàibàkbu
Saibu
sàibu
said
saidbār
saidpletform
saidpletforms
saidwei
sàigei
sàilóu
Saimòn
sain
sàinam
Sàinam Asia
sained
sainen
sainiŋ
sains
sainsā
sainsās
sainstifik
sainstifikol
sainstifikoli
sàit
sàited
sàiteiçion
sàiteiçions
sàiten
sàitiŋ
saiz
saizàbol
saized
saizen
saizes
saiziŋ
salad
Ŝaleŋ
salmon
salveiçion
Säm
sām
samba
Samoa
ŝamok
sämpol
sämpols
ŝan
Sändboks
Ŝāndōŋ
sändwič
sändwičes
sàŋcün
Ŝàŋhǎi
sānguk
sänitòri
Sānjuŋ
Ŝǎnxī
Ŝānxī
Sānzoŋ
sàp
šāp
sàpzi
Sàpzifā
SAR
šär
šard
šarded
šarden
šardiŋ
šards
šäred
šären
šäriŋ
ŝark
ŝarkfin
ŝarks
šarp
šarped
šarpen
šarpiŋ
SARS
sasil
sasillùn
SATA
ŝatān
Sätèllait
sätèllàit
sätèllàits
Ŝatin
Ŝatin Hói
Ŝatin Tàu
Ŝatin Wài
sätisfai
sätisfaied
sätisfaien
sätisfaiiŋ
sàu
ŝaugei
saund
saundkard
saundkards
saunds
saundträkk
sàupoŋ
sǎuyǔk
sàuzài
šayahu
Sayimdaŋ
scim 
SeaMonkey
seg
segmènt
segmènteiçion
segmènts
šegō
sei
séi
šeid
šeided
šeiden
šeidiŋ
seif
seifer
seifest
seifgārd
seifgārds
šeik
šeikhänd
seim
šeip
šeiped
šeipen
šeips
seiv
seived
seiven
seivi
seiviŋ
Seivsteibou
séizo
séizoru
ŝek
Ŝěk
sekçion
sekçionol
sekçions
sekond
sekonds
Ŝekou
sekt
sektā
Ŝěk Toŋ Zöü
sekyur
sekyured
sekyuren
sekyuriŋ
sekyuriti
sekyurli
sel
šel
seldòm
selebreiçion
selebreiçions
selebreit
selebreited
selebreiten
selebreitiŋ
Selebreitiŋna-monŧ
seled
selen
selenā
selenās
selens
self
self-estīm
self-männeij
self-männeijmènt
seliŋ
Selsùs
semi
semifainol
seminar
seminars
SEN
sèn
sencrol
sencrolais
sencrolaised
sencrolaisen
sencrolaisiŋ
sencrolisùm
sencrolisùmā
sencrolisùmās
sencrolisùmik
send
sended
senden
sendiŋ
SENKā
sens
sensā
sensās
senseiçion
senseiçionol
sensibol
sensiŋ
sensitiv
sensitiviti
sensùs
sensùses
sentā
sentās
sentens
sentenses
sentimitā
sentimitās
Ŝěnyáŋ
Ŝenẑen
sepäreiçion
sepäreiçions
sepäreit
sepäreitā
sepäreitās
sepäreited
sepäreiten
sepäreitiŋ
sepäreitisùm
sepäreitisùmā
sepäreitisùmās
sepäreitisùmik
sepäreitiv
sepäreitli
sepäreitnès
sepèreit
sepèreiten
sepèreitli
septa
septadirekçion
septadirekçionol
septadirekçions
septadirekt
septadirekted
septadirekten
septadirektiŋ
septaleŋgueij
septaleŋgueijol
serotonin
session
sessions
set
seted
seten
setiŋ
setiŋs
sets
settolmènt
settolmènts
setùp
setùped
setùpen
setùpiŋ
severol
Sheepmekeisony
Sheepnese
sĥem
sĥemā
sĥemās
sĥems
Shěnyáŋ
sĥizòfrenia
Shockwave
si
šǐ
ŝī
sibliŋ
sibliŋs
Sìĉuān
sicueiçion
sicueiçionol
sicueiçionolli
sicueiçions
sicueit
sicueited
sicueiten
sicueitiŋ
sīd
sidan
sidan-na
sīds
siewui
šift
šifted
šiften
šiftiŋ
šīfǔk
sigan
sigǎn
sigǎnfreim
sigēi
sīgēi
sigin
signicör
signifai
signol
signols
šǐhuŋ
sǐk
sīk
sikdaŋ
sikpun
sikrit
sikritori
sikritoris
sikrits
sikwens
sikwensā
sikwensās
sikwensed
sikwensen
sikwensiŋ
sikwensiol
sǐkzo
sǐkzoru
SIL
šīld
šīldiŋ
šīlds
silekçion
silekçions
silekt
silektā
silektās
silekted
silekten
silektenī
silektiŋ
silektiv
silektivli
silk
Silkroud
silkwōm
silkwōms
silsigǎn
silvèr
similar
similarli
simpol
simpolaiçion
simpolaiçionol
simpolaiçionolli
simpolaiçions
simpolais
simpolaised
simpolaisen
simpolaisiŋ
simpoler
simpolest
simpolli
simpol-na
simyuleiçion
simyuleiçions
simyuleit
simyuleited
simyuleiten
simyuleitiŋ
siŋ
ŝiŋ
siŋā
singai
siŋās
siŋed
siŋen
Siŋgappūr
siŋgol
siŋiŋ
siŋkei-1
siŋkei-2
siŋkei-3
siŋkei-4
siŋkei-5
siŋkei-6
siŋkei-7
Šīnjāŋ
Sinnonhyòn
šinopi
sins
sioŋmiao
siris
sirises
sis
sises
šiškabāb
sīsoniŋ
sīsòns
sistèm
sistèmätik
sistèmätikol
sistèmätikolli
sistèms
sistèmwais
ŝitām
Sitanobu
sīts
sitùp
siunin
siunúi
síupeŋyàu
sivik
sivol
sivolais
sivolaiseiçion
sixöŋ
šǐyip
Ŝizi
sǐzōŋ
skai
skaip
skäl
skäled
skälen
skäliŋ
skallopi
skän
skänā
skänās
skändol
skändols
skäned
skänen
Skania
Skanikaik
skäniŋ
skarab
skarabs
skärlènd
skejol
skejolā
skejolās
skejoled
skejolen
skejoliŋ
skil
skilfol
skils
skin
skop
skopik
Skorčio
sköt
Skotlènd
sköts
Skräbbol
skrīn
skrīnkäpcör
skrīnkäpcören
skrīnkäpcörenī
skrīnkäpcörenīs
skrīns
skrīnseivā
skrīnseivās
skrīnšot
skrīnšots
skript
skriptiŋ
skripts
skrolbārs
Skruffy
skūl
skūlbäg
skūlbägs
skūlbāsi
skūls
skūp
skūps
skwär
skwärpleis
Skype
Slackware
slaid
slaidā
slaidās
slaided
slaiden
slaidiŋ
slàitli
släŋ
Slax
slim
SLNY
Sloŧs
slow
smart
smartīs
smartkard
smartkäšol
smel
smeled
smelen
smeliŋ
Smiŧfīld
smòk
smòk-abyus
smòk-abyusā
smòk-abyusās
smòk-abyusiŋ
smol
smoler
smolest
smoli
smùgol
smùgoled
smùgolen
smùgoliŋ
smūŧ
smūŧed
smūŧen
smūŧiŋ
snäk
snäkfūd
snäks
snäp
Snäpšot
Sneik
snow
snowdün
Snoweijā
snowghetti
snowi
söč
söčàbol
söčàbolna
söčed
söčen
söčes
söčiŋ
söčiŋenjīn
sofistikeit
soft
soften
softenā
softenās
softened
softenen
softeniŋ
softkopi
softkopis
softwär
softwärset
softwärsets
soi
soiware
sokkā
sokkās
sokket
sokkets
sökol
sökolais
sökoleiçion
sökoleiçions
sökoleit
sökoli
sökolik
sökoliŋ
sökols
solitär
Sòllyùŋ
solo
soluçion
soluçions
Solün
solut
soluted
soluten
solutiŋ
solv
solvā
solvās
solved
solveiçion
solveiçions
solven
solviŋ
sòm
sòmtaims
son
söneim
soŋ
ŝöŋ
Sòŋnam
soŋs
Söŋsui
sǒŋyàu
sono
šop
šopiŋ
šopkīp
šopkīped
šopkīpen
šopkīpiŋā
šopkīpiŋās
šops
sörf
sörfeis
sörfiŋ
sorī
sörraund
sörraundiŋ
sörrendā
sörrendāed
sörrendāen
sörrendāiŋ
sōrs
sōrses
Sōrsforj
sōrskoncrol
sōrskoud
sōrskouds
sort
šort
šört
šortbrēd
sorted
sorten
šortenpänts
sortiŋ
šortkùt
šortkùts
šorts
šörts
sörv
sörvā
sörvās
sörvāspeis
sörvāspeises
sörved
sörveiçion
sörveiçions
sörveis
sörveises
sörveisiŋ
sörven
sörvenī
sörviŋ
sörviŋā
sörviŋàmaunt
sörviŋās
sörviŋmàšin
sörviŋmàšins
sos
sōs
soseij
soseijs
soses
sōses
sosi
sosieti
sosiol
sosiolais
sosiolaiseiçion
sosiolism
sosiolismā
sosiolisùm
sosiolisùmā
sosiolisùmās
sosiolisùmik
sosiolloji
sosiollojiā
sosiollojiās
sosiollojik
sosiollojikol
sosiollojikolli
sosiololoji
sosiolwörkā
sosis
šöt
šōt
šöts
šōts
sou
soul
Sòul
souŧ
Souŧ Jorjia en Souŧ Sändwič Ailènd-grūps
sövaiv
sövaivā
sövaivās
sövaived
sövaiven
sövaiviŋ
sövaivol
soviet
šow
šowed
šowen
šowiŋ
soybīn
soybīnsos
Šoyru
Soyunion
spaghetti
spai
spaied
spaien
spaiiŋ
spàik
spàiks
spais
spaises
spaiwär
spaiwärs
späm
spämed
spämen
spämiŋ
spämwär
spän
späned
spänen
späniŋ
Spannerville
sparkol
sparkoled
sparkolen
sparkoliŋ
sparkols
speçiol
speçiolais
speçiolaised
speçiolaiseiçion
speçiolaiseiçions
speçiolaisen
speçiolaisiŋ
speçiolli
speçiolna
speçiol-na
speis
speises
speisiŋ
Speislokkā
speisol
spektrùm
spel
spelček
spelčekā
spelčekās
spelčeked
spelčeken
spelčekiŋ
speled
spelen
speliŋ
speliŋs
spend
spended
spenden
spendiŋ
spesifai
spesifaied
spesifaien
spesifaiiŋ
spesifaik
spesifaikeiçion
spesifaikeiçions
spesiol
spesiolli
spīč
spīčes
spīd
spīk
spīkā
spīkās
spīked
spīken
spīkiŋ
spirit
spīs
spīses
split
splited
spliten
splitiŋ
sport
sportiv
sports
sprēd
sprēded
sprēden
sprēdiŋ
sprēdšīt
sprēdšīts
spriŋ
spūlā
spūliŋ
spūn
spūnfīd
spūnfīded
spūnfīden
spūnfīdiŋ
spūns
SPY
šrūm
ssaŋ
ssi
SSRY
stā
stäb
stäbed
stäben
stäbiŋ
städiùm
städiùms
staf
staips
staiyol
staiyols
stämp
stämps
ständ
ständard
ständardais
ständardaised
ständardaisen
ständardaisiŋ
ständards
ständed
ständen
ständiŋ
starč
stärkeis
start
started
started-ovèr
started-ùp
starten
starten-ovèr
starten-ùp
startiŋ
startiŋ-ovèr
startiŋ-ùp
startovèr
start-ovèr
start-ùp
stās
stätik
stätistik
stätistikol
stätistiks
statsis
stei
steibiliti
steibol
steiçion
steiçions
steidiùm
steij
steijs
steit
steitmènt
steitmènts
steits
steitùs
steitùsbār
steitùses
steityu
stem
step
steped
stepen
stepiŋ
steps
stif
stīk
stiks
stīl
stīled
stīlen
stīliŋ
still
stimuleiçion
stimuleiçions
stimuleit
stimuleited
stimuleiten
stimuleitiŋ
stimulùs
stokk
stop
stoped
stopen
stopiŋ
stor
stör
stored
störed
storeij
storeijpleis
storeijpleises
storen
stören
storī
storiŋ
störiŋ
storiŋpleis
storiŋpleises
storīs
stors
stov
stovs
sträteji
strätejis
stres
stresed
stresen
streses
stresfol
stresiŋ
strīm
strīms
striŋ
striŋs
strip
strips
strīt
strīts
strok
stroŋ
strùkcö
strùkcör
strùkcörol
strùkcörolli
strùkt
strùkted
strùkten
strùktiŋ
stùb
stùbs
studènt
studènts
stùdi
stùdied
stùdien
stùdiiŋ
Studio
stùdis
stùf
stùfed
stùfen
su
sü
sùb
sùbdistrikt
sùbdistrikts
sùbdivaiçion
sùbdivaiçions
sùbdivaid
sùbdivaided
sùbdivaiden
sùbdivaidiŋ
sùbdomein
sùbdomeins
sùbhelŧi
sùbjekt
sùbjekteit
sùbjekteited
sùbjekteiten
sùbjekteitiŋ
sùbjekts
sùbkommand
sùbkommands
sùbmiçion
sùbmiçions
sùbmit
sùbmited
sùbmiten
sùbmitiŋ
sùbnet
sùbörb
sùbörbs
sùbset
sùbsets
sùbskraib
sùbskraibed
sùbskraiben
sùbskraibiŋ
sùbskraipçion
sùbskraipçions
sùbstàns
sùbstànseit
sùbstànseited
sùbstànseiten
sùbstànseitiŋ
sùbstànses
sùbstityuçion
sùbstityuçions
sùbstityut
sùbstityuted
sùbstityuten
sùbstityutiŋ
sùbtaitol
sùbtaitoliŋ
sùbtropik
sùbtropikol
sùbwei
sùbweis
sùč
sùčas
Šueŋ
Šueŋiš
sùffèr
sùffèrā
sùffèrās
sùffèred
sùffèren
sùffèriŋ
sùffiçient
sùffiks
sùffikses
sugā
sui
suicóu
Sǔicóu
Suidei
Suisài
sùjjesçion
sùjjesçions
sùjjest
sùjjested
sùjjesten
sùjjestiŋ
suk
sùk
sùksesfol
sùksesfolli
suksuk
šūld
sùm
Sumida
sùmlùm
sùmmarais
sùmmaraised
sùmmaraisen
sùmmaraisiŋ
sùmmari
sùmmèr
summit
sùn
Sunä
Sùnbeltyen
Sùndei
Sùn Guo Sin
sünmei
sünmeicóu
suokŋánzü
suokxie
Suomi
Suomiiš
sūp
superā
superāmarket
superāset
superāsets
superāstā
superāstās
sùpplai
sùpplaiā
sùpplaiās
sùpplaied
sùpplaieiçion
sùpplaieiçionol
sùpplaieiçionolli
sùpplaieiçions
sùpplaien
sùpplaiiŋ
sùpplaimènt
sùpplaimèntari
sùpport
sùpportā
sùpportās
sùpported
sùpporten
sùpportiŋ
sùppous
sùppresçion
sùppresçionol
sùppresçionolli
sùppresçions
sùppress
sùppressànt
sùppressed
sùppressen
sùppressiŋ
Surinam
sùspekçion
sùspekçions
sùspekçiùs
sùspekt
sùspekted
sùspekten
sùspektiŋ
sùspend
sùspended
sùspenden
sùspendiŋ
sùspension
sut
šùt
sutàbol
šùtdawn
šùtdawned
šùtdawnen
šùtdawniŋ
šùted
Sutek
šùten
šùtiŋ
sūtra
sūtras
šùtùp
šùtùped
šùtùpen
šùtùpiŋ
Suwon
süzài 
Svedlènd
Svedlèndik
Svedlèndiš
Svelènd
Svelèndik
Svelèndiš
SVG
swič
swičed
swičen
swičiŋ
swim
swimed
swimen
swimiŋ
swiŋ
swiŋfän
swiŋfäns
Swīt
Šwītok
sword
swords
Sybùnny
Sydnī
syllàbifai
syllàbifaik
syllàbifaikeiçion
syllàbifaikeiçions
syllàbik
syllàbol
syllàbùs
Symantec
Symäntek
symbòl
symbòlik
symbòls
symptòm
symptòms
syndikeit
syndikeited
syndikeiten
syndikeitiŋ
syndrom
synĥ
synĥronais
synĥronaisā
synĥronaisās
synĥronaised
synĥronaiseiçion
synĥronaiseiçions
synĥronaisen
synĥronaisiŋ
synonyms
Synopsis
syntäks
syntäktik
syntäktikol
syntäktikolli
synŧesais
synŧesaisiŋ
synŧesaiz
synŧesaiziŋ
Syria
Syrirabbit
syrup
systèmätik
syur
ŜẐ
T
Ŧ
täb
täbed
täben
täbs
tadaši
tadaši-i
tadašiku
täg
täged
tägen
tägiŋ
tägs
tai
Tǎi
Taigā
Taigū
Taigū Çiti
Taigū Grūps
Taigū Plaza
Taigū Pleis
taihūŋ
Tǎiik
Tǎiiš
Tǎikontri
tail
Tǎilènd
taim
taimfreim
taimiŋ
taimlain
taimlains
taimout
taims
taimsörvā
taimspän
taimstämp
taimzon
Taion
taip
taipiŋ
taip or Tàip ?
taips
tair
Tairännia
Tairänniaik
Tairännian
Taired
tàitol
tàitols
Táiwān
taiy
taiys
taiziye
täks
täkseiçion
täksi
täksimitā
tälènt
tälènted
tälènten
tälèntenī
tälèntenīs
tälèntiŋ
tälènts
tälènts - 
tamgǔn
Tamil
Tamilik
Tamiliš
tamsui
tamsuiör
tāmwuj
täŋgo
ŧäŋk
ŧäŋked
ŧäŋken
ŧäŋkiŋ
ŧäŋklist
ŧäŋklists
ŧäŋkmènt
ŧäŋkmènts
ŧäŋks
Ŧäŋksgiv
Ŧäŋksgived
Ŧäŋksgiven
Ŧäŋksgiviŋ
tänk
tanoši
tanoši-i
tanošiku
täp
täped
täpen
täpiŋ
.tar
target
targeted
targeten
targetiŋ
.tar.gz
task
taskfors
tasks
tàu
tàupei
tawn
teibol
teibols
teiboltennis
teiboltennisbol
teiboltennisbols
teik
teiked
teiken
teikiŋ
teikkär
teikkäred
teikkären
teikkäriŋ
Teimā
teip
teips
teipwōm
teipwōms
teist
teisted
teisten
teisti
teistiŋ
tekn
teknik
teknikol
teknikolli
tekniks
teknoloji
teknolojik
teknolojikol
teknolojis
tekscö
teksi
teksis
tekst
tekstbūk
tekstbūks
teksts
tēl
tele
tēled
telefon
tēlen
teleport
teleported
teleporten
teleportiŋ
teleskop
teleskopik
teleskops
televyçion
televyçions
Telford
tēliŋ
tempèreicör
templeit
templeits
tempol
tempols
tempor
temporari
temporarili
temporol
tend
tennis
tennisbol
tennisbols
tens
tenses
tentàkol
territori
territoriol
territoris
terror
tesaurùs
tesaurùses
Tessalonikia
test
Testamènt
Testamènts
tested
testen
testiŋ
tests
tetra
tetradirekçion
tetradirekçionol
tetradirekçions
tetradirekt
tetradirekted
tetradirekten
tetradirektiŋ
tetraleŋgueij
tetraleŋgueijol
.tgz
Thunderbird
TI
Tiānānmén
Tiānjīn
ŧiàtèr
ŧiàtèrs
tič
tičā
tičās
tičed
tičen
tičiŋ
tik
ŧik
tīk
tikket
tikketā
tikketās
tikkets
ŧiknès
til
tilt
ŧim
tím
tīm
Timdàuzài
ŧimeitik
ŧimeitikol
Times
tím-i
Timor
ŧims
tīms
tīmwörk
tīmwörks
Tin
ŧin
tīn
tincoi
tīneij
tīneijā
tīneijās
Tinfu
ŧiŋ
ŧiŋk
ŧiŋked
ŧiŋken
ŧiŋkiŋ
ŧiŋkiŋs
ŧiŋs
tinhei
tini
tintoŋ
Tin Toŋ Wài
tinyä
ŧioloji
ŧiolojiā
ŧiolojiās
ŧiolojik
ŧiolojikol
ŧiori
ŧioriā
ŧioriās
ŧioris
tip
tips
ŧīv
Ŧīvmèn
ŧīvs
TM
tobakko
tòĉ
tòĉed
tòĉen
tòĉiŋ
Toggol
toilet
tokèn
tokèns
tol
tolerànt
tolk
tolked
tolkeitiv
tolken
tolkiŋ
Tom
Tomas
tomato
toŋ
tōŋ
top
topik
topiks
törm
törmineit
törmineitā
törmineitās
törmineited
törmineiten
törmineitiŋ
törminol
törminolloji
törminùs
törms
törn
törned
törnen
törniŋ
Toronto
torrènt
tou
tóuci
Tóudei
Toukyou
toumèn
toun
touns
toutol
toutolli
touzài
toy
toys
tradiçion
tradiçionol
tradiçionolli
traffik
traffikiŋ
trafiks
trai
traidirekçion
traidirekçionol
traidirekçions
traidirekt
traidirekted
traidirekten
traidirektiŋ
traied
traien
trai-iŋ
träil
traileŋgueij
traileŋgueijol
traiol
traiolrùn
traiolrùns
trairaŧon
träkk
träkkā
träkkàbol
träkkākoud
träkkās
träkkbäk
träkkbäked
träkkbäken
träkkbäkiŋ
träkkbäks
träkkiŋ
träkks
träm
trans-
transäkçion
transäkçionol
transäkçions
transäkt
transför
transföràbol
transfören
transform
transformed
transformeiçion
transformeiçionol
transformeiçionolli
transformeiçions
transformen
transformiŋ
transiènt
transit
transkoudiŋ
transkripçion
transkripçions
transkript
transkripted
transkripten
transkriptiŋ
transleiçion
transleiçions
transleit
transleitā
transleitās
transleited
transleiten
transleitiŋ
translitereiçion
translitereiçions
translitereit
translitereited
translitereiten
translitereitiŋ
transmit
transmited
transmiten
transmitiŋ
transnaçion
transnaçionol
transpärènçi
transpärènt
transpärènted
transpärènten
transport
transported
transporteiçion
transporteiçions
transporten
transportiŋ
transports
transvörçion
transvörçionol
transvörçions
transvörs
transvört
transvörted
transvörten
transvörtiŋ
trausùs
trausùses
travol
travoled
travolen
travoliŋ
träy
treid
treided
treiden
treidiŋ
treidiŋkard
treidiŋkards
treidmārk
treidmārks
trein
treiniŋ
treins
treis
treised
treisen
treisiŋ
triggèr
triggèred
triggèren
triggèriŋ
trik
triks
trim
trimed
trimen
trimener
trimenest
trimiŋ
tropik
tropikol
ŧrottol
ŧrottolen
trout
trouts
ŧru
TrueType
ŧrūli
trùst
T-šöt
tu
tudei
tugäđā
tūl
tūlbār
tūlbārs
tūlbok
tūlboks
tūlkit
tūls
tūltip
tūltips
tuna
ŧùndèr
tuŋ
tǔŋ
Tünmun
tùnnol
tùnnols
tuo
tuogökzài
tuosàuzài
tūr
tūrā
tūrās
tūrbāsì
tūrgaid
tūrgaids
tūrisùm
Türk
Türkiye
Türkiyeiš
Tùrmäk
tūrs
tutā
tutās
tutī
tutīs
tütlei
tutor
tutored
tutoren
tutoriŋ
tutoriol
tutoriols
TV
twist
twisted
twisten
twistiŋ
twitter
txt
.txt
typikol
U
ú
ù
ǔ
ü
ǘ
ǜ
ǚ
ǖ
ū
UAS
Ubuntu
UKB
UKDD
Ukrayina
Ukrayinaiš
ulutora
ulutoramarket
umai
umajin
Umayyad
ùmbrella
ùmbrellas
Umyòŋ
unait
unaited
unaiten
unaitiŋ
ùnakkyureit
ùnàpproprieit
ùnarkaiviŋ
ùnbalàns
ùnbutdùk
ùndèr
ùndèrforkast
ùndèrforkasted
ùndèrforkasten
ùndèrforkastiŋ
ùndèrgou
ùndèrgoued
ùndèrgouen
ùndèrgouiŋ
ùndèrgraund
ùndèrlain
ùndèrlained
ùndèrlainen
ùndèrlainiŋ
ùndèrständ
ùndilivèr
ùndilivèràbol
ùndilivèred
ùndilivèren
ùndilivèri
ùndilivèriŋ
ùndilivèriŋs
ùndiodio
ùnemploy
ùnemploymènt
ùnfamilia
ùnfämilia
ùnfämiliar
Uni
Unikoud
ùninstol
ùninstoled
ùninstoleiçion
ùninstoleiçions
ùninstolen
ùninstoliŋ
Unity
ùnkompreçion
ùnkompreçions
ùnkompres
ùnkompresed
ùnkompresen
ùnkompresiŋ
ùnkòvèr
ùnkòvèred
ùnkòvèren
ùnkòvèriŋ
ùnlàik
ùnlàiked
ùnlàiken
ùnlàikiŋ
ùnles
ùnloud
ùnloudàbol
ùnlouded
ùnlouden
ùnloudiŋ
ùnmwu
ùnmwuli
ùnmwuzo
ùnni
ùnnina
UnRAR
ùnrekonaisen
ùnrīlaiàbol
ùnsistèmätik
ùnsteibol
ùnsystèmätik
ùntil
Ūommey
ùp
ùpdeit
ùpdeited
ùpdeiten
ùpdeitiŋ
ùpdeitiŋli
ùpdeitiŋs
Ùpdeitiŋs
ùpdeits
ùper
ùpgreid
ùpgreided
ùpgreiden
ùpgreidiŋ
ùpgreidiŋli
ùpgreidiŋs
ùpgreids
ùpkomiŋ
ùploud
ùploudā
ùploudās
ùplouded
ùplouden
ùploudiŋ
ùploudiŋs
ùplouds
ùpon
ùpteik
ùptu
Ural
Uralik
uri
uridè
uriga
URL
Urugwai
Urugwaik
UST
uwe
Uyĥūr
Uyĥūrik
Uyĥūriš
V
vairùs
vairùses
vairùsol
vàitol
vàitolais
vàkeiçion
vàkeiçionol
vàkeiçionolli
vàkeiçions
vàkeit
vàkeited
vàkeiten
vàkeitiŋ
välī
välid
välideiçion
välideiçions
välideit
välideited
välideiten
välideitiŋ
välideitiŋli
välideitiŋs
välīs
välley
välleys
välyu
välyuaiçion
välyuaiçionol
välyuaiçionolli
välyuaiçions
välyuais
välyuaised
välyuaisen
välyuaisiŋ
välyueiçion
välyueiçions
välyus
vän
vänilla
väns
Vanuatu
väry
väryàbol
väryàbols
väryànt
väryànts
väryçion
väryçions
väryed
väryeiçion
väryeiçionol
väryeiçions
väryen
väryiŋ
värys
värysùs
väryùs
vas
vases
vast
vawoul
vawouls
veji
vejiārmā
vektor
vektorais
vektoraiseiçion
vektors
vendā
Venežula
venyu
venyus
veri
verifai
verifaied
verifaieiçion
verifaieiçionol
verifaieiçionolli
verifaieiçions
verifaien
verifaiiŋ
via
vidio
vidiorīkōdā
vidios
Viětnam
Viětnamik
Viětnamiš
Viktā
Viktor
viktori
Viktoria
Viktoriaik
villeij
villeijā
villeijās
villeijs
visit
visitā
visitās
visited
Vista
Vogel
vokäb
volkano
volkanos
volley
volleybol
volleybols
volyùm
volyùms
vörb
vörbol
vörbos
vörçion
vörçions
vörcuol
vörcuolaiçion
vörcuolaiçionol
vörcuolaiçionolli
vörcuolaiçions
vörcuolais
vörcuolaised
vörcuolaisen
vörcuolaisiŋ
VörcuolBoks
Vörcuol-Rialiti
vörtikol
vörtikolli
vös
vöses
vösùs
vot
voten
votiŋ
VPN
VR
vs
vyçiol
vyçion
vyçions
vyçol
vyt
vyu
vyuā
vyuās
vyued
vyuen
vyuiŋ
vyupoint
vyupoints
vyuport
vyuports
vyus
w
wa
wǎ
wä
wagar
wagari
wagariŋ
wagaru
wagarueiçion
wagarueiçions
wài
waid
waild
waildkard
waildkards
wain
wair
waired
wairen
wairles
wairlès
wairs
waiv
waivs
wak
wakfā
wakzo
wakzoru
walawala
wān
Wǎŋ
Waŋ Tàu Hùm
wanna
Wännis
war
wär
Wār
wärhaus
wärhauses
wärhausiŋ
warlord
warlords
wars
waru
warui
waruier
waruiest
waruna
wasabi
Wašiŋton
Wašiŋtonik
wǎsu
wǎzo
web
webinar
weblog
weblogs
webpeij
webpeijs
webs
websàit
websàits
websöč
websörvā
websörveis
weđā
weđās
wei
weiĥt
weiĥted
weiĥten
weiĥtiŋ
weis
weiv
wel
welfär
welform
welformed
welformeiçion
welformeiçions
welformen
welformiŋ
welformiŋli
welformiŋs
welkom
welkomed
welkomen
welkomiŋ
welŧ
Wènĉuān
wēriŋ
west
westèrn
westnorŧ
westsouŧ
wet
weted
weten
wetiŋ
wewe
when
whīt
whītstarč
whoul
widjèt
widjèts
widŧ
wik
wīk
Wikçionari
wīkdei
wīkdeis
wīkend
wiki
Wikia
wikied
wikien
wikiiŋ
Wikipidia
wikis
wīkli
wīks
wil
win
winā
winās
window
windows
WindowsUpdate
wiŋyǐu
wisdom
Wisdomdiodio
wiŧ
wiŧhould
wiŧin
wiŧout
wižard
woč
wočā
wočās
wočed
wočen
wočiŋ
wočlist
wočlists
wok
wokcán
wōl
wōls
wolǘn
wolǘni
wōm
wōms
woŋ
Wǒŋ Gǒk
woŋgùm
wōŋjü
woŋjüā
wōŋjüjü
wōŋjüna
wōŋjüzo
wōŋjüzoru
woŋsīk
woŋsīkna
wont
wonted
wonten
wontenā
wontenās
wontenī
wontenīs
wontiŋ
wopiŋ
wörd
wördbäŋk
wördbäŋks
Wordpress
wördproses
wördprosesā
wördprosesās
wördprosesed
wördprosesen
wördprosesiŋ
wörds
wörk
wörkā
wörkās
wörked
wörken
wörkiŋ
wörkiŋlaiv
wörks
wörksteiçion
wörksteiçions
wörld
wörldwaid
worm
wormiŋ
wormiŋùp
wormùp
wōrn
wōrned
wōrnen
wōrniŋ
wōrniŋs
woršipiŋ
worŧ
wou
wow
wrait
wraitā
wraitàbol
wraitās
wraited
wraiten
wraitiŋ
wräp
wräped
wräpen
wräpiŋ
wräpkeik
wrōŋ
WSUS
WTFPL
wucjo
wuggwài
Wǔhàn
wúi
wujjo
wusui
X
xcin
Xiàmén
Xiaŋŝan
xilofon
xin
xinmun
Xioŋmao
xioŋmiao
Xiucóu
Xiufoŋ
Xiuhuŋ
Xiuma
Xiuma Hil
Xīzàŋ
XML
XP
xüngui
xüt
xütgou
xütgougök
xütgwài
Y
yä
yačt
yačts
Yagsui
yai
Yakĥob
yälùm
yàn
yànci
yàncina
yàndín
yàngān
Yaŋjä
yànhei
Yànsàm
yard
yasasii
yasasiku
yasui
yàt
yàtjik
yàtsik
yǎtyoŋ
yàu
yàuklef
yauŋ
Yàu Toŋ
yäzi
Yehudah
Yehudahisùm
Yehudahisùmā
Yehudahisùmās
Yehudahisùmik
Yehudahyui
yelow
Yelowbelt
Yen
Yerevan
yes
Yesous
yet
YI
Yiantái
yibenoloji
Yičon
Yiddiš
Yiddišik
yígīŋ
yik
yīk
yim
Yim Tin
yiŋgoi
yiŋhuŋ
yingùm
yisensi
yisensiol
yisya
yitsùm
yitsùmna
yiu
yǐu
yǐušūld
yiuyàt
yiwui
yiyǐ
yízài
yízàidō
yoga
Yohan
yoi
yoier
yoiest
yök
yökbi
yökcuĥt
yökdoi
yök-i
Yòksam
yokuwagaru
yoŋ
yöŋ
Yòŋdoŋ
yöŋfǎi
Yoŋja
yöŋme
yöŋmezài
yöŋmit
yoŋnai
Yoŋŝan
Yöŋsàu
Yöŋsàu-zǔk
yönnin
Yordan
Yordanik
Yosef
YouTube
YRI
YRL
YSB
YST
YTK
YTL
yu
yučiyen
yučiyenā
yučiyenās
Yudai
Yudaiyui
yugga
yuggala
yǚgin
yüguó
yui
yǔk
Yukarei
yǔkfǎi
yǔksikpun
yǔkyǘn
Yuliùs
yùm
yùmcya
Yumemi
Yumemizaka
yùmmi
yùmmimàt
yùmmisui
yùmmu
yùmmumàt
yùmmusui
yùmru
yùmsǐk
yùmzo
yùmzoru
yün
yuŋ
yuŋcoi
yün-i
yunifai
yunifaied
yunifaien
yunifaiiŋ
yunifaikeiçion
yunik
yuniknès
Yuniks
yunion
yunions
yunit
yuniti
yunits
yunivös
yunivöses
yunivösiti
yunivösitis
yunivösol
yunivösolli
Yünlóŋ
Yúnnán
YurAsia
Yurop
Yuropik
yus
yusā
yusàbol
yusàboliti
yusāeijènt
yusāeijènts
yusāend
yusāgrūp
yusāgrūps
yusālog
yusālogs
yusāneim
yusāneims
yusārait
yusāraits
yusās
yusāspeis
yusāspeises
yused
yuseij
yuseijs
yusen
yuses
yusfol
yusiŋ
yusol
yusolli
yuŧ
yütguo
yutilais
yutilaisā
yutilaisās
yutilaiseiçion
yutilaiseiçionol
yutilaisiŋ
yutiliti
yutilitis
yütuŋ
z
ẑ
Ž
zǎ
zai
zá-i
zài
zāi
zāigài
zāiŋǎp
zāiŋó
zāiyǔkyǘn
zapji
zaza
Ẑèjiāŋ
zek
zěk
zí
zǐ
žibra
žibras
zíkärot
zíkärots
Zīländ
Zīländā
Zīländās
zip
.zip
zǐp
zire
zíroba
zísīk
ziu
ziuna
ziuru
ziuzo
ziuzoru
zìẑìqū
ẑiẑu
zodiäk
zoi
zon
žon
Ẑöŋ
ẑōŋ
Ẑōŋguó
Ẑōŋhwá
Ẑöŋmǔk
Ẑōŋnam
Ẑöŋšǐ
Ẑōŋwén
zons
žons
zoru
ẐPR
ẐR
zǘ
zǚ
zui
zuico
zuiduo
zuigèn
zùk
zūk
zùkjü
žūm
žūmed
žūmen
žūmin
žūmiŋ
žūmout
zuŋ
zúŋ
zúŋrǔi
zúŋzùk
zünsek
ẑǔyào
